Component: Arm Compiler for Embedded 6.22 Tool: armlink [5ee90200]

==============================================================================

Section Cross References

    main.o(.text.main) refers to ml_system.o(.text.system_init) for system_init
    main.o(.text.main) refers to ml_delay.o(.text.delay_ms) for delay_ms
    main.o(.text.main) refers to ml_oled.o(.text.OLED_Init) for OLED_Init
    main.o(.text.main) refers to imu.o(.text.imu_init) for imu_init
    main.o(.text.main) refers to key.o(.text.key_init) for key_init
    main.o(.text.main) refers to ml_motor.o(.text.motor_init) for motor_init
    main.o(.text.main) refers to encoder.o(.text.encoder_init) for encoder_init
    main.o(.text.main) refers to serical.o(.text.uart0_init) for uart0_init
    main.o(.text.main) refers to xunji.o(.text.xunji_init) for xunji_init
    main.o(.text.main) refers to buzzer_light.o(.text.buzzer_light_init) for buzzer_light_init
    main.o(.text.main) refers to ml_tim.o(.text.tim_interrupt_ms_init) for tim_interrupt_ms_init
    main.o(.text.main) refers to _pid.o(.text.pid_init) for pid_init
    main.o(.text.main) refers to ml_oled.o(.text.OLED_ShowString) for OLED_ShowString
    main.o(.text.main) refers to ml_oled.o(.text.OLED_ShowNum) for OLED_ShowNum
    main.o(.text.main) refers to ml_oled.o(.text.OLED_ShowSignedNum) for OLED_ShowSignedNum
    main.o(.text.main) refers to imu.o(.text.imu_analysis) for imu_analysis
    main.o(.text.main) refers to key.o(.text.key_GetNum) for key_GetNum
    main.o(.text.main) refers to _pid.o(.bss.motorA) for motorA
    main.o(.text.main) refers to _pid.o(.bss.motorB) for motorB
    main.o(.text.main) refers to _pid.o(.bss.angle) for angle
    main.o(.text.main) refers to imu.o(.bss.imu_flag) for imu_flag
    main.o(.text.main) refers to main.o(.bss.KeyNum) for KeyNum
    main.o(.text.main) refers to encoder.o(.bss.mode) for mode
    main.o(.text.main) refers to encoder.o(.bss.set) for set
    main.o(.text.main) refers to imu.o(.bss.yaw_angle_int) for yaw_angle_int
    main.o(.ARM.exidx.text.main) refers to main.o(.text.main) for [Anonymous Symbol]
    main.o(.text.TIMG8_IRQHandler) refers to encoder.o(.text.read_encoder1) for read_encoder1
    main.o(.text.TIMG8_IRQHandler) refers to encoder.o(.text.read_encoder2) for read_encoder2
    main.o(.text.TIMG8_IRQHandler) refers to xunji.o(.text.track1) for track1
    main.o(.text.TIMG8_IRQHandler) refers to xunji.o(.text.track2) for track2
    main.o(.text.TIMG8_IRQHandler) refers to xunji.o(.text.track3) for track3
    main.o(.text.TIMG8_IRQHandler) refers to xunji.o(.text.track4) for track4
    main.o(.text.TIMG8_IRQHandler) refers to _pid.o(.bss.left_encoder) for left_encoder
    main.o(.text.TIMG8_IRQHandler) refers to _pid.o(.bss.right_encoder) for right_encoder
    main.o(.text.TIMG8_IRQHandler) refers to encoder.o(.bss.set) for set
    main.o(.text.TIMG8_IRQHandler) refers to encoder.o(.bss.mode) for mode
    main.o(.ARM.exidx.text.TIMG8_IRQHandler) refers to main.o(.text.TIMG8_IRQHandler) for [Anonymous Symbol]
    startup_mspm0g350x_uvision.o(STACK) refers (Special) to heapauxi.o(.text) for __use_two_region_memory
    startup_mspm0g350x_uvision.o(HEAP) refers (Special) to heapauxi.o(.text) for __use_two_region_memory
    startup_mspm0g350x_uvision.o(RESET) refers (Special) to heapauxi.o(.text) for __use_two_region_memory
    startup_mspm0g350x_uvision.o(RESET) refers to startup_mspm0g350x_uvision.o(STACK) for __initial_sp
    startup_mspm0g350x_uvision.o(RESET) refers to startup_mspm0g350x_uvision.o(.text) for Reset_Handler
    startup_mspm0g350x_uvision.o(RESET) refers to encoder.o(.text.GROUP1_IRQHandler) for GROUP1_IRQHandler
    startup_mspm0g350x_uvision.o(RESET) refers to main.o(.text.TIMG8_IRQHandler) for TIMG8_IRQHandler
    startup_mspm0g350x_uvision.o(RESET) refers to isr.o(.text.UART3_IRQHandler) for UART3_IRQHandler
    startup_mspm0g350x_uvision.o(RESET) refers to isr.o(.text.UART1_IRQHandler) for UART1_IRQHandler
    startup_mspm0g350x_uvision.o(RESET) refers to isr.o(.text.UART2_IRQHandler) for UART2_IRQHandler
    startup_mspm0g350x_uvision.o(RESET) refers to serical.o(.text.UART0_IRQHandler) for UART0_IRQHandler
    startup_mspm0g350x_uvision.o(RESET) refers to isr.o(.text.TIMG0_IRQHandler) for TIMG0_IRQHandler
    startup_mspm0g350x_uvision.o(RESET) refers to isr.o(.text.TIMG6_IRQHandler) for TIMG6_IRQHandler
    startup_mspm0g350x_uvision.o(RESET) refers to isr.o(.text.TIMG7_IRQHandler) for TIMG7_IRQHandler
    startup_mspm0g350x_uvision.o(RESET) refers to isr.o(.text.TIMG12_IRQHandler) for TIMG12_IRQHandler
    startup_mspm0g350x_uvision.o(.text) refers (Special) to heapauxi.o(.text) for __use_two_region_memory
    startup_mspm0g350x_uvision.o(.text) refers to __main.o(!!!main) for __main
    startup_mspm0g350x_uvision.o(.text) refers to startup_mspm0g350x_uvision.o(HEAP) for Heap_Mem
    startup_mspm0g350x_uvision.o(.text) refers to startup_mspm0g350x_uvision.o(STACK) for Stack_Mem
[...]
    ../clib/signal.c                         0x00000000   Number         0  defsig_fpe_inner.o ABSOLUTE
    ../clib/signal.c                         0x00000000   Number         0  __raise.o ABSOLUTE
    ../clib/signal.c                         0x00000000   Number         0  defsig_general.o ABSOLUTE
    ../clib/signal.c                         0x00000000   Number         0  defsig_abrt_inner.o ABSOLUTE
    ../clib/signal.c                         0x00000000   Number         0  defsig_rtred_inner.o ABSOLUTE
    ../clib/signal.c                         0x00000000   Number         0  defsig_rtmem_inner.o ABSOLUTE
    ../clib/signal.c                         0x00000000   Number         0  defsig_rtmem_outer.o ABSOLUTE
    ../clib/signal.c                         0x00000000   Number         0  defsig_rtmem_formal.o ABSOLUTE
    ../clib/signal.c                         0x00000000   Number         0  defsig_stak_inner.o ABSOLUTE
    ../clib/signal.c                         0x00000000   Number         0  defsig_pvfn_inner.o ABSOLUTE
    ../clib/signal.c                         0x00000000   Number         0  defsig_cppl_inner.o ABSOLUTE
    ../clib/signal.c                         0x00000000   Number         0  defsig_segv_inner.o ABSOLUTE
    ../clib/signal.c                         0x00000000   Number         0  defsig_other.o ABSOLUTE
    ../clib/signal.s                         0x00000000   Number         0  defsig.o ABSOLUTE
    ../clib/stdlib.c                         0x00000000   Number         0  exit.o ABSOLUTE
    ../fplib/cfplib/cmp.c                    0x00000000   Number         0  fcmp.o ABSOLUTE
    ../fplib/cfplib/cmpret.c                 0x00000000   Number         0  cmpret.o ABSOLUTE
    ../fplib/cfplib/daddsub.c                0x00000000   Number         0  daddsub.o ABSOLUTE
    ../fplib/cfplib/dcmpin.c                 0x00000000   Number         0  dcmpin.o ABSOLUTE
    ../fplib/cfplib/ddiv.c                   0x00000000   Number         0  ddiv.o ABSOLUTE
    ../fplib/cfplib/dmul.c                   0x00000000   Number         0  dmul.o ABSOLUTE
    ../fplib/cfplib/dsqrt.c                  0x00000000   Number         0  dsqrt.o ABSOLUTE
    ../fplib/cfplib/f2d.c                    0x00000000   Number         0  f2d.o ABSOLUTE
    ../fplib/cfplib/fcmpin.c                 0x00000000   Number         0  fcmpin.o ABSOLUTE
    ../fplib/cfplib/ffix.c                   0x00000000   Number         0  dfixi.o ABSOLUTE
    ../fplib/cfplib/ffix.c                   0x00000000   Number         0  ffixi.o ABSOLUTE
    ../fplib/cfplib/fflt.c                   0x00000000   Number         0  dflti.o ABSOLUTE
    ../fplib/cfplib/fflt.c                   0x00000000   Number         0  fflti.o ABSOLUTE
    ../fplib/cfplib/fpinit.c                 0x00000000   Number         0  fpinit.o ABSOLUTE
    ../fplib/cfplib/nan2.c                   0x00000000   Number         0  dnan2.o ABSOLUTE
    ../fplib/cfplib/nan2.c                   0x00000000   Number         0  fnan2.o ABSOLUTE
    ../fplib/cfplib/retnan.c                 0x00000000   Number         0  retnan.o ABSOLUTE
    ../fplib/cfplib/scalbn.c                 0x00000000   Number         0  dscalbn.o ABSOLUTE
    ../fplib/drleqf6m.s                      0x00000000   Number         0  drlef.o ABSOLUTE
    ../fplib/faddsub6m.s                     0x00000000   Number         0  faddsub.o ABSOLUTE
    ../fplib/feqf6m.s                        0x00000000   Number         0  feqf.o ABSOLUTE
    ../fplib/fgeqf6m.s                       0x00000000   Number         0  fgef.o ABSOLUTE
    ../fplib/fleqf6m.s                       0x00000000   Number         0  flef.o ABSOLUTE
    ../fplib/fmul6m.s                        0x00000000   Number         0  fmul.o ABSOLUTE
    ../fplib/usenofp.s                       0x00000000   Number         0  usenofp.o ABSOLUTE
    ../mathlib/dunder.c                      0x00000000   Number         0  dunder.o ABSOLUTE
    ../mathlib/fpclassify.c                  0x00000000   Number         0  fpclassify.o ABSOLUTE
    ../mathlib/poly.c                        0x00000000   Number         0  poly.o ABSOLUTE
    ../mathlib/pow.c                         0x00000000   Number         0  pow.o ABSOLUTE
    ../mathlib/qnan.c                        0x00000000   Number         0  qnan.o ABSOLUTE
    ../mathlib/sqrt.c                        0x00000000   Number         0  sqrt.o ABSOLUTE
    IMU.c                                    0x00000000   Number         0  imu.o ABSOLUTE
    _pid.c                                   0x00000000   Number         0  _pid.o ABSOLUTE
    buzzer_light.c                           0x00000000   Number         0  buzzer_light.o ABSOLUTE
    dc.s                                     0x00000000   Number         0  dc.o ABSOLUTE
    dl_common.c                              0x00000000   Number         0  dl_common.o ABSOLUTE
    dl_sysctl_mspm0g1x0x_g3x0x.c             0x00000000   Number         0  dl_sysctl_mspm0g1x0x_g3x0x.o ABSOLUTE
    dl_timer.c                               0x00000000   Number         0  dl_timer.o ABSOLUTE
    dl_uart.c                                0x00000000   Number         0  dl_uart.o ABSOLUTE
    encoder.c                                0x00000000   Number         0  encoder.o ABSOLUTE
    isr.c                                    0x00000000   Number         0  isr.o ABSOLUTE
    key.c                                    0x00000000   Number         0  key.o ABSOLUTE
    main.c                                   0x00000000   Number         0  main.o ABSOLUTE
    ml_delay.c                               0x00000000   Number         0  ml_delay.o ABSOLUTE
    ml_exti.c                                0x00000000   Number         0  ml_exti.o ABSOLUTE
    ml_gpio.c                                0x00000000   Number         0  ml_gpio.o ABSOLUTE
    ml_i2c.c                                 0x00000000   Number         0  ml_i2c.o ABSOLUTE
    ml_motor.c                               0x00000000   Number         0  ml_motor.o ABSOLUTE
    ml_mpu6050.c                             0x00000000   Number         0  ml_mpu6050.o ABSOLUTE
    ml_oled.c                                0x00000000   Number         0  ml_oled.o ABSOLUTE
    ml_pwm.c                                 0x00000000   Number         0  ml_pwm.o ABSOLUTE
    ml_system.c                              0x00000000   Number         0  ml_system.o ABSOLUTE
    ml_tim.c                                 0x00000000   Number         0  ml_tim.o ABSOLUTE
    ml_uart.c                                0x00000000   Number         0  ml_uart.o ABSOLUTE
    serical.c                                0x00000000   Number         0  serical.o ABSOLUTE
    startup_mspm0g350x_uvision.s             0x00000000   Number         0  startup_mspm0g350x_uvision.o ABSOLUTE
    ti_msp_dl_config.c                       0x00000000   Number         0  ti_msp_dl_config.o ABSOLUTE
    track.c                                  0x00000000   Number         0  track.o ABSOLUTE
    xunji.c                                  0x00000000   Number         0  xunji.o ABSOLUTE
    RESET                                    0x00000000   Section      192  startup_mspm0g350x_uvision.o(RESET)
    !!!main                                  0x000000c0   Section        8  __main.o(!!!main)
    !!!scatter                               0x000000c8   Section       84  __scatter.o(!!!scatter)
    !!handler_null                           0x00000120   Section        2  __scatter.o(!!handler_null)
    !!handler_zi                             0x00000128   Section       28  __scatter_zi.o(!!handler_zi)
    .ARM.Collect$$libinit$$00000000          0x00000144   Section        2  libinit.o(.ARM.Collect$$libinit$$00000000)
    .ARM.Collect$$libinit$$00000002          0x00000146   Section        0  libinit2.o(.ARM.Collect$$libinit$$00000002)
    .ARM.Collect$$libinit$$00000004          0x00000146   Section        0  libinit2.o(.ARM.Collect$$libinit$$00000004)
    .ARM.Collect$$libinit$$00000006          0x00000146   Section        0  libinit2.o(.ARM.Collect$$libinit$$00000006)
    .ARM.Collect$$libinit$$0000000C          0x00000146   Section        0  libinit2.o(.ARM.Collect$$libinit$$0000000C)
    .ARM.Collect$$libinit$$0000000E          0x00000146   Section        0  libinit2.o(.ARM.Collect$$libinit$$0000000E)
    .ARM.Collect$$libinit$$00000010          0x00000146   Section        0  libinit2.o(.ARM.Collect$$libinit$$00000010)
    .ARM.Collect$$libinit$$00000013          0x00000146   Section        0  libinit2.o(.ARM.Collect$$libinit$$00000013)
    .ARM.Collect$$libinit$$00000015          0x00000146   Section        0  libinit2.o(.ARM.Collect$$libinit$$00000015)
    .ARM.Collect$$libinit$$00000017          0x00000146   Section        0  libinit2.o(.ARM.Collect$$libinit$$00000017)
    .ARM.Collect$$libinit$$00000019          0x00000146   Section        0  libinit2.o(.ARM.Collect$$libinit$$00000019)
    .ARM.Collect$$libinit$$0000001B          0x00000146   Section        0  libinit2.o(.ARM.Collect$$libinit$$0000001B)
    .ARM.Collect$$libinit$$0000001D          0x00000146   Section        0  libinit2.o(.ARM.Collect$$libinit$$0000001D)
    .ARM.Collect$$libinit$$0000001F          0x00000146   Section        0  libinit2.o(.ARM.Collect$$libinit$$0000001F)
    .ARM.Collect$$libinit$$00000021          0x00000146   Section        0  libinit2.o(.ARM.Collect$$libinit$$00000021)
    .ARM.Collect$$libinit$$00000023          0x00000146   Section        0  libinit2.o(.ARM.Collect$$libinit$$00000023)
    .ARM.Collect$$libinit$$00000025          0x00000146   Section        0  libinit2.o(.ARM.Collect$$libinit$$00000025)
    .ARM.Collect$$libinit$$00000027          0x00000146   Section        0  libinit2.o(.ARM.Collect$$libinit$$00000027)
    .ARM.Collect$$libinit$$0000002E          0x00000146   Section        0  libinit2.o(.ARM.Collect$$libinit$$0000002E)
    .ARM.Collect$$libinit$$00000030          0x00000146   Section        0  libinit2.o(.ARM.Collect$$libinit$$00000030)
    .ARM.Collect$$libinit$$00000032          0x00000146   Section        0  libinit2.o(.ARM.Collect$$libinit$$00000032)
    .ARM.Collect$$libinit$$00000034          0x00000146   Section        0  libinit2.o(.ARM.Collect$$libinit$$00000034)
    .ARM.Collect$$libinit$$00000035          0x00000146   Section        2  libinit2.o(.ARM.Collect$$libinit$$00000035)
    .ARM.Collect$$libshutdown$$00000000      0x00000148   Section        2  libshutdown.o(.ARM.Collect$$libshutdown$$00000000)
    .ARM.Collect$$libshutdown$$00000002      0x0000014a   Section        0  libshutdown2.o(.ARM.Collect$$libshutdown$$00000002)
    .ARM.Collect$$libshutdown$$00000004      0x0000014a   Section        0  libshutdown2.o(.ARM.Collect$$libshutdown$$00000004)
    .ARM.Collect$$libshutdown$$00000007      0x0000014a   Section        0  libshutdown2.o(.ARM.Collect$$libshutdown$$00000007)
    .ARM.Collect$$libshutdown$$0000000A      0x0000014a   Section        0  libshutdown2.o(.ARM.Collect$$libshutdown$$0000000A)
    .ARM.Collect$$libshutdown$$0000000C      0x0000014a   Section        0  libshutdown2.o(.ARM.Collect$$libshutdown$$0000000C)
    .ARM.Collect$$libshutdown$$0000000F      0x0000014a   Section        0  libshutdown2.o(.ARM.Collect$$libshutdown$$0000000F)
    .ARM.Collect$$libshutdown$$00000010      0x0000014a   Section        2  libshutdown2.o(.ARM.Collect$$libshutdown$$00000010)
    .ARM.Collect$$rtentry$$00000000          0x0000014c   Section        0  __rtentry.o(.ARM.Collect$$rtentry$$00000000)
    .ARM.Collect$$rtentry$$00000002          0x0000014c   Section        0  __rtentry2.o(.ARM.Collect$$rtentry$$00000002)
    .ARM.Collect$$rtentry$$00000004          0x0000014c   Section        6  __rtentry4.o(.ARM.Collect$$rtentry$$00000004)
    .ARM.Collect$$rtentry$$00000009          0x00000152   Section        0  __rtentry2.o(.ARM.Collect$$rtentry$$00000009)
    .ARM.Collect$$rtentry$$0000000A          0x00000152   Section        4  __rtentry2.o(.ARM.Collect$$rtentry$$0000000A)
    .ARM.Collect$$rtentry$$0000000C          0x00000156   Section        0  __rtentry2.o(.ARM.Collect$$rtentry$$0000000C)
    .ARM.Collect$$rtentry$$0000000D          0x00000156   Section        8  __rtentry2.o(.ARM.Collect$$rtentry$$0000000D)
    .ARM.Collect$$rtexit$$00000000           0x0000015e   Section        2  rtexit.o(.ARM.Collect$$rtexit$$00000000)
    .ARM.Collect$$rtexit$$00000002           0x00000160   Section        0  rtexit2.o(.ARM.Collect$$rtexit$$00000002)
    .ARM.Collect$$rtexit$$00000003           0x00000160   Section        4  rtexit2.o(.ARM.Collect$$rtexit$$00000003)
    .ARM.Collect$$rtexit$$00000004           0x00000164   Section        6  rtexit2.o(.ARM.Collect$$rtexit$$00000004)
    .text                                    0x0000016c   Section       44  startup_mspm0g350x_uvision.o(.text)
    .text                                    0x00000198   Section      504  aeabi_sdivfast.o(.text)
    .text                                    0x00000390   Section        0  heapauxi.o(.text)
    .text                                    0x00000398   Section        0  f2d.o(.text)
    .text                                    0x000003ec   Section        0  ffixi.o(.text)
    .text                                    0x00000438   Section        0  fflti.o(.text)
    .text                                    0x00000498   Section        0  fcmpin.o(.text)
    .text                                    0x000004fc   Section        8  libspace.o(.text)
    .text                                    0x00000504   Section       62  sys_stackheap_outer.o(.text)
    .text                                    0x00000542   Section        0  exit.o(.text)
    .text                                    0x00000552   Section        0  cmpret.o(.text)
    .text                                    0x00000580   Section        0  fnan2.o(.text)
    .text                                    0x00000590   Section        0  retnan.o(.text)
    [Anonymous Symbol]                       0x000005f0   Section        0  dl_sysctl_mspm0g1x0x_g3x0x.o(.text.DL_SYSCTL_configSYSPLL)
    __arm_cp.0_0                             0x000006a4   Number         4  dl_sysctl_mspm0g1x0x_g3x0x.o(.text.DL_SYSCTL_configSYSPLL)
    __arm_cp.0_2                             0x000006a8   Number         4  dl_sysctl_mspm0g1x0x_g3x0x.o(.text.DL_SYSCTL_configSYSPLL)
    __arm_cp.0_3                             0x000006ac   Number         4  dl_sysctl_mspm0g1x0x_g3x0x.o(.text.DL_SYSCTL_configSYSPLL)
    __arm_cp.0_4                             0x000006b0   Number         4  dl_sysctl_mspm0g1x0x_g3x0x.o(.text.DL_SYSCTL_configSYSPLL)
    [Anonymous Symbol]                       0x000006b4   Section        0  dl_sysctl_mspm0g1x0x_g3x0x.o(.text.DL_SYSCTL_switchMCLKfromSYSOSCtoHSCLK)
    __arm_cp.4_0                             0x000006d4   Number         4  dl_sysctl_mspm0g1x0x_g3x0x.o(.text.DL_SYSCTL_switchMCLKfromSYSOSCtoHSCLK)
    __arm_cp.4_1                             0x000006d8   Number         4  dl_sysctl_mspm0g1x0x_g3x0x.o(.text.DL_SYSCTL_switchMCLKfromSYSOSCtoHSCLK)
    [Anonymous Symbol]                       0x000006dc   Section        0  dl_timer.o(.text.DL_Timer_initPWMMode)
    __arm_cp.11_1                            0x00000788   Number         4  dl_timer.o(.text.DL_Timer_initPWMMode)
    __arm_cp.11_2                            0x0000078c   Number         4  dl_timer.o(.text.DL_Timer_initPWMMode)
    __arm_cp.11_3                            0x00000790   Number         4  dl_timer.o(.text.DL_Timer_initPWMMode)
    __arm_cp.11_4                            0x00000794   Number         4  dl_timer.o(.text.DL_Timer_initPWMMode)
    __arm_cp.11_6                            0x00000798   Number         4  dl_timer.o(.text.DL_Timer_initPWMMode)
    [Anonymous Symbol]                       0x0000079c   Section        0  dl_timer.o(.text.DL_Timer_initTimerMode)
    __arm_cp.2_0                             0x0000087c   Number         4  dl_timer.o(.text.DL_Timer_initTimerMode)
    __arm_cp.2_1                             0x00000880   Number         4  dl_timer.o(.text.DL_Timer_initTimerMode)
    __arm_cp.2_2                             0x00000884   Number         4  dl_timer.o(.text.DL_Timer_initTimerMode)
    __arm_cp.2_3                             0x00000888   Number         4  dl_timer.o(.text.DL_Timer_initTimerMode)
    [Anonymous Symbol]                       0x0000088c   Section        0  dl_timer.o(.text.DL_Timer_setCaptCompUpdateMethod)
    __arm_cp.26_0                            0x000008a4   Number         4  dl_timer.o(.text.DL_Timer_setCaptCompUpdateMethod)
    [Anonymous Symbol]                       0x000008a8   Section        0  dl_timer.o(.text.DL_Timer_setCaptureCompareOutCtl)
    __arm_cp.13_0                            0x000008bc   Number         4  dl_timer.o(.text.DL_Timer_setCaptureCompareOutCtl)
    [Anonymous Symbol]                       0x000008c0   Section        0  dl_timer.o(.text.DL_Timer_setCaptureCompareValue)
    __arm_cp.3_0                             0x000008cc   Number         4  dl_timer.o(.text.DL_Timer_setCaptureCompareValue)
    [Anonymous Symbol]                       0x000008d0   Section        0  dl_timer.o(.text.DL_Timer_setClockConfig)
    __arm_cp.0_0                             0x000008e8   Number         4  dl_timer.o(.text.DL_Timer_setClockConfig)
    [Anonymous Symbol]                       0x000008ec   Section        0  dl_uart.o(.text.DL_UART_init)
    __arm_cp.0_0                             0x0000092c   Number         4  dl_uart.o(.text.DL_UART_init)
    __arm_cp.0_1                             0x00000930   Number         4  dl_uart.o(.text.DL_UART_init)
    [Anonymous Symbol]                       0x00000934   Section        0  dl_uart.o(.text.DL_UART_setClockConfig)
    [Anonymous Symbol]                       0x00000948   Section        0  encoder.o(.text.GROUP1_IRQHandler)
    __arm_cp.3_0                             0x00000a4c   Number         4  encoder.o(.text.GROUP1_IRQHandler)
    __arm_cp.3_1                             0x00000a50   Number         4  encoder.o(.text.GROUP1_IRQHandler)
    __arm_cp.3_2                             0x00000a54   Number         4  encoder.o(.text.GROUP1_IRQHandler)
    __arm_cp.3_3                             0x00000a58   Number         4  encoder.o(.text.GROUP1_IRQHandler)
    __arm_cp.3_4                             0x00000a5c   Number         4  encoder.o(.text.GROUP1_IRQHandler)
    __arm_cp.3_5                             0x00000a60   Number         4  encoder.o(.text.GROUP1_IRQHandler)
    [Anonymous Symbol]                       0x00000a64   Section        0  ml_oled.o(.text.OLED_Clear)
    [Anonymous Symbol]                       0x00000b78   Section        0  ml_oled.o(.text.OLED_I2C_SendByte)
    [Anonymous Symbol]                       0x00000cc0   Section        0  ml_oled.o(.text.OLED_Init)
    __arm_cp.16_0                            0x00000d90   Number         4  ml_oled.o(.text.OLED_Init)
    [Anonymous Symbol]                       0x00000d94   Section        0  ml_oled.o(.text.OLED_ShowChar)
    __arm_cp.8_0                             0x00000e50   Number         4  ml_oled.o(.text.OLED_ShowChar)
    __arm_cp.8_1                             0x00000e54   Number         4  ml_oled.o(.text.OLED_ShowChar)
    [Anonymous Symbol]                       0x00000e58   Section        0  ml_oled.o(.text.OLED_ShowNum)
    [Anonymous Symbol]                       0x00000ee4   Section        0  ml_oled.o(.text.OLED_ShowSignedNum)
    __arm_cp.12_0                            0x00000f94   Number         4  ml_oled.o(.text.OLED_ShowSignedNum)
    [Anonymous Symbol]                       0x00000f98   Section        0  ml_oled.o(.text.OLED_ShowString)
    [Anonymous Symbol]                       0x00000fc4   Section        0  ml_oled.o(.text.OLED_WriteCommand)
    __arm_cp.4_0                             0x00001034   Number         4  ml_oled.o(.text.OLED_WriteCommand)
    [Anonymous Symbol]                       0x00001038   Section        0  ml_oled.o(.text.OLED_WriteData)
    __arm_cp.5_0                             0x000010a8   Number         4  ml_oled.o(.text.OLED_WriteData)
    [Anonymous Symbol]                       0x000010ac   Section        0  ml_motor.o(.text.Set_left_pwm)
    [Anonymous Symbol]                       0x000010fc   Section        0  ml_motor.o(.text.Set_right_pwm)
    __arm_cp.2_1                             0x0000114c   Number         4  ml_motor.o(.text.Set_right_pwm)
    [Anonymous Symbol]                       0x00001150   Section        0  isr.o(.text.TIMG0_IRQHandler)
    __arm_cp.0_0                             0x00001158   Number         4  isr.o(.text.TIMG0_IRQHandler)
    [Anonymous Symbol]                       0x0000115c   Section        0  isr.o(.text.TIMG12_IRQHandler)
    __arm_cp.3_0                             0x00001164   Number         4  isr.o(.text.TIMG12_IRQHandler)
    [Anonymous Symbol]                       0x00001168   Section        0  isr.o(.text.TIMG6_IRQHandler)
    __arm_cp.1_0                             0x00001170   Number         4  isr.o(.text.TIMG6_IRQHandler)
    [Anonymous Symbol]                       0x00001174   Section        0  isr.o(.text.TIMG7_IRQHandler)
    __arm_cp.2_0                             0x000011a4   Number         4  isr.o(.text.TIMG7_IRQHandler)
    __arm_cp.2_2                             0x000011a8   Number         4  isr.o(.text.TIMG7_IRQHandler)
    [Anonymous Symbol]                       0x000011ac   Section        0  main.o(.text.TIMG8_IRQHandler)
    __arm_cp.1_0                             0x00001214   Number         4  main.o(.text.TIMG8_IRQHandler)
    __arm_cp.1_1                             0x00001218   Number         4  main.o(.text.TIMG8_IRQHandler)
    __arm_cp.1_2                             0x0000121c   Number         4  main.o(.text.TIMG8_IRQHandler)
    __arm_cp.1_3                             0x00001220   Number         4  main.o(.text.TIMG8_IRQHandler)
    __arm_cp.1_4                             0x00001224   Number         4  main.o(.text.TIMG8_IRQHandler)
    [Anonymous Symbol]                       0x00001228   Section        0  serical.o(.text.UART0_IRQHandler)
    __arm_cp.2_0                             0x0000125c   Number         4  serical.o(.text.UART0_IRQHandler)
    __arm_cp.2_1                             0x00001260   Number         4  serical.o(.text.UART0_IRQHandler)
    __arm_cp.2_2                             0x00001264   Number         4  serical.o(.text.UART0_IRQHandler)
    __arm_cp.2_3                             0x00001268   Number         4  serical.o(.text.UART0_IRQHandler)
    [Anonymous Symbol]                       0x0000126c   Section        0  isr.o(.text.UART1_IRQHandler)
    __arm_cp.4_0                             0x00001288   Number         4  isr.o(.text.UART1_IRQHandler)
    __arm_cp.4_1                             0x0000128c   Number         4  isr.o(.text.UART1_IRQHandler)
    [Anonymous Symbol]                       0x00001290   Section        0  isr.o(.text.UART2_IRQHandler)
    __arm_cp.5_0                             0x00001298   Number         4  isr.o(.text.UART2_IRQHandler)
    [Anonymous Symbol]                       0x0000129c   Section        0  isr.o(.text.UART3_IRQHandler)
    __arm_cp.6_0                             0x000012a4   Number         4  isr.o(.text.UART3_IRQHandler)
    [Anonymous Symbol]                       0x000012a8   Section        0  ml_uart.o(.text._sys_exit)
    [Anonymous Symbol]                       0x000012ac   Section        0  buzzer_light.o(.text.beep)
    __arm_cp.1_1                             0x000012d8   Number         4  buzzer_light.o(.text.beep)
    [Anonymous Symbol]                       0x000012dc   Section        0  buzzer_light.o(.text.buzzer_light_init)
    __arm_cp.0_0                             0x00001318   Number         4  buzzer_light.o(.text.buzzer_light_init)
    [Anonymous Symbol]                       0x0000131c   Section        0  _pid.o(.text.check)
    __arm_cp.4_1                             0x00001344   Number         4  _pid.o(.text.check)
    [Anonymous Symbol]                       0x00001348   Section        0  ml_delay.o(.text.delay_ms)
    __arm_cp.1_0                             0x00001450   Number         4  ml_delay.o(.text.delay_ms)
    __arm_cp.1_1                             0x00001454   Number         4  ml_delay.o(.text.delay_ms)
    [Anonymous Symbol]                       0x00001458   Section        0  encoder.o(.text.encoder_init)
    [Anonymous Symbol]                       0x000014c0   Section        0  ml_exti.o(.text.exti_init)
    __arm_cp.0_2                             0x00001638   Number         4  ml_exti.o(.text.exti_init)
    __arm_cp.0_4                             0x0000163c   Number         4  ml_exti.o(.text.exti_init)
    __arm_cp.0_5                             0x00001640   Number         4  ml_exti.o(.text.exti_init)
    __arm_cp.0_6                             0x00001644   Number         4  ml_exti.o(.text.exti_init)
    [Anonymous Symbol]                       0x00001648   Section        0  ml_gpio.o(.text.gpio_get)
    [Anonymous Symbol]                       0x00001658   Section        0  ml_gpio.o(.text.gpio_init)
    __arm_cp.0_0                             0x00001690   Number         4  ml_gpio.o(.text.gpio_init)
    __arm_cp.0_1                             0x00001694   Number         4  ml_gpio.o(.text.gpio_init)
    __arm_cp.0_2                             0x00001698   Number         4  ml_gpio.o(.text.gpio_init)
    __arm_cp.0_3                             0x0000169c   Number         4  ml_gpio.o(.text.gpio_init)
    [Anonymous Symbol]                       0x000016a0   Section        0  ml_gpio.o(.text.gpio_set)
    __arm_cp.1_0                             0x000016ac   Number         4  ml_gpio.o(.text.gpio_set)
    [Anonymous Symbol]                       0x000016b0   Section        0  imu.o(.text.imu_analysis)
    __arm_cp.2_1                             0x000016e0   Number         4  imu.o(.text.imu_analysis)
    __arm_cp.2_2                             0x000016e4   Number         4  imu.o(.text.imu_analysis)
    __arm_cp.2_3                             0x000016e8   Number         4  imu.o(.text.imu_analysis)
    [Anonymous Symbol]                       0x000016ec   Section        0  imu.o(.text.imu_init)
    [Anonymous Symbol]                       0x000016fc   Section        0  imu.o(.text.imu_uart_callback)
    __arm_cp.1_0                             0x00001760   Number         4  imu.o(.text.imu_uart_callback)
    __arm_cp.1_1                             0x00001764   Number         4  imu.o(.text.imu_uart_callback)
    __arm_cp.1_2                             0x00001768   Number         4  imu.o(.text.imu_uart_callback)
    __arm_cp.1_3                             0x0000176c   Number         4  imu.o(.text.imu_uart_callback)
    __arm_cp.1_5                             0x00001770   Number         4  imu.o(.text.imu_uart_callback)
    [Anonymous Symbol]                       0x00001774   Section        0  key.o(.text.key_GetNum)
    [Anonymous Symbol]                       0x000017d8   Section        0  key.o(.text.key_init)
    __arm_cp.0_2                             0x00001804   Number         4  key.o(.text.key_init)
    [Anonymous Symbol]                       0x00001808   Section        0  main.o(.text.main)
    __arm_cp.0_0                             0x0000190c   Number         4  main.o(.text.main)
    __arm_cp.0_1                             0x00001910   Number         4  main.o(.text.main)
    __arm_cp.0_2                             0x00001914   Number         4  main.o(.text.main)
    __arm_cp.0_3                             0x00001918   Number         4  main.o(.text.main)
    __arm_cp.0_4                             0x0000191c   Number         4  main.o(.text.main)
    __arm_cp.0_5                             0x00001920   Number         4  main.o(.text.main)
    __arm_cp.0_6                             0x00001924   Number         4  main.o(.text.main)
    __arm_cp.0_7                             0x00001928   Number         4  main.o(.text.main)
    __arm_cp.0_8                             0x0000192c   Number         4  main.o(.text.main)
    __arm_cp.0_9                             0x00001930   Number         4  main.o(.text.main)
    __arm_cp.0_10                            0x00001934   Number         4  main.o(.text.main)
    __arm_cp.0_11                            0x00001938   Number         4  main.o(.text.main)
    __arm_cp.0_15                            0x00001954   Number         4  main.o(.text.main)
    [Anonymous Symbol]                       0x00001958   Section        0  ml_motor.o(.text.motor_init)
    __arm_cp.0_1                             0x000019c8   Number         4  ml_motor.o(.text.motor_init)
    [Anonymous Symbol]                       0x000019cc   Section        0  _pid.o(.text.pid_cal)
    [Anonymous Symbol]                       0x00001a90   Section        0  _pid.o(.text.pid_init)
    [Anonymous Symbol]                       0x00001aa0   Section        0  ml_pwm.o(.text.pwm_init)
    [Anonymous Symbol]                       0x00001b2c   Section        0  ml_pwm.o(.text.pwm_pin_init)
    __arm_cp.1_1                             0x00001c18   Number         4  ml_pwm.o(.text.pwm_pin_init)
    __arm_cp.1_6                             0x00001c1c   Number         4  ml_pwm.o(.text.pwm_pin_init)
    __arm_cp.1_7                             0x00001c20   Number         4  ml_pwm.o(.text.pwm_pin_init)
    __arm_cp.1_8                             0x00001c24   Number         4  ml_pwm.o(.text.pwm_pin_init)
    __arm_cp.1_9                             0x00001c28   Number         4  ml_pwm.o(.text.pwm_pin_init)
    __arm_cp.1_10                            0x00001c2c   Number         4  ml_pwm.o(.text.pwm_pin_init)
    __arm_cp.1_11                            0x00001c30   Number         4  ml_pwm.o(.text.pwm_pin_init)
    [Anonymous Symbol]                       0x00001c34   Section        0  ml_pwm.o(.text.pwm_update)
    __arm_cp.2_1                             0x00001c60   Number         4  ml_pwm.o(.text.pwm_update)
    [Anonymous Symbol]                       0x00001c64   Section        0  encoder.o(.text.read_encoder1)
    __arm_cp.1_0                             0x00001c70   Number         4  encoder.o(.text.read_encoder1)
    [Anonymous Symbol]                       0x00001c74   Section        0  encoder.o(.text.read_encoder2)
    __arm_cp.2_0                             0x00001c80   Number         4  encoder.o(.text.read_encoder2)
    [Anonymous Symbol]                       0x00001c84   Section        0  ml_system.o(.text.system_init)
    __arm_cp.0_0                             0x00001d18   Number         4  ml_system.o(.text.system_init)
    __arm_cp.0_2                             0x00001d1c   Number         4  ml_system.o(.text.system_init)
    __arm_cp.0_4                             0x00001d20   Number         4  ml_system.o(.text.system_init)
    __arm_cp.0_5                             0x00001d24   Number         4  ml_system.o(.text.system_init)
    __arm_cp.0_6                             0x00001d28   Number         4  ml_system.o(.text.system_init)
    __arm_cp.0_7                             0x00001d2c   Number         4  ml_system.o(.text.system_init)
    __arm_cp.0_8                             0x00001d30   Number         4  ml_system.o(.text.system_init)
    __arm_cp.0_9                             0x00001d34   Number         4  ml_system.o(.text.system_init)
    [Anonymous Symbol]                       0x00001d38   Section        0  ml_tim.o(.text.tim_interrupt_ms_init)
    __arm_cp.0_0                             0x00001e3c   Number         4  ml_tim.o(.text.tim_interrupt_ms_init)
    __arm_cp.0_1                             0x00001e40   Number         4  ml_tim.o(.text.tim_interrupt_ms_init)
    __arm_cp.0_2                             0x00001e44   Number         4  ml_tim.o(.text.tim_interrupt_ms_init)
    __arm_cp.0_3                             0x00001e48   Number         4  ml_tim.o(.text.tim_interrupt_ms_init)
    __arm_cp.0_4                             0x00001e4c   Number         4  ml_tim.o(.text.tim_interrupt_ms_init)
    __arm_cp.0_5                             0x00001e50   Number         4  ml_tim.o(.text.tim_interrupt_ms_init)
    __arm_cp.0_6                             0x00001e54   Number         4  ml_tim.o(.text.tim_interrupt_ms_init)
    __arm_cp.0_7                             0x00001e58   Number         4  ml_tim.o(.text.tim_interrupt_ms_init)
    __arm_cp.0_8                             0x00001e5c   Number         4  ml_tim.o(.text.tim_interrupt_ms_init)
    __arm_cp.0_9                             0x00001e60   Number         4  ml_tim.o(.text.tim_interrupt_ms_init)
    __arm_cp.0_10                            0x00001e64   Number         4  ml_tim.o(.text.tim_interrupt_ms_init)
    __arm_cp.0_11                            0x00001e68   Number         4  ml_tim.o(.text.tim_interrupt_ms_init)
    __arm_cp.0_12                            0x00001e6c   Number         4  ml_tim.o(.text.tim_interrupt_ms_init)
    __arm_cp.0_13                            0x00001e70   Number         4  ml_tim.o(.text.tim_interrupt_ms_init)
    __arm_cp.0_14                            0x00001e74   Number         4  ml_tim.o(.text.tim_interrupt_ms_init)
    [Anonymous Symbol]                       0x00001e78   Section        0  xunji.o(.text.track1)
    __arm_cp.2_0                             0x00001f04   Number         4  xunji.o(.text.track1)
    __arm_cp.2_1                             0x00001f08   Number         4  xunji.o(.text.track1)
    [Anonymous Symbol]                       0x00001f0c   Section        0  xunji.o(.text.track2)
    __arm_cp.3_14                            0x000022ac   Number         4  xunji.o(.text.track2)
    __arm_cp.3_1                             0x00002780   Number         4  xunji.o(.text.track2)
    __arm_cp.3_2                             0x00002784   Number         4  xunji.o(.text.track2)
    __arm_cp.3_3                             0x00002788   Number         4  xunji.o(.text.track2)
    __arm_cp.3_4                             0x0000278c   Number         4  xunji.o(.text.track2)
    __arm_cp.3_5                             0x00002790   Number         4  xunji.o(.text.track2)
    __arm_cp.3_6                             0x00002794   Number         4  xunji.o(.text.track2)
    __arm_cp.3_7                             0x00002798   Number         4  xunji.o(.text.track2)
    __arm_cp.3_8                             0x0000279c   Number         4  xunji.o(.text.track2)
    __arm_cp.3_9                             0x000027a0   Number         4  xunji.o(.text.track2)
    [Anonymous Symbol]                       0x000027a4   Section        0  xunji.o(.text.track3)
    __arm_cp.4_18                            0x00002b68   Number         4  xunji.o(.text.track3)
    __arm_cp.4_1                             0x00003058   Number         4  xunji.o(.text.track3)
    __arm_cp.4_2                             0x0000305c   Number         4  xunji.o(.text.track3)
    __arm_cp.4_3                             0x00003060   Number         4  xunji.o(.text.track3)
    __arm_cp.4_4                             0x00003064   Number         4  xunji.o(.text.track3)
    __arm_cp.4_5                             0x00003068   Number         4  xunji.o(.text.track3)
    __arm_cp.4_6                             0x0000306c   Number         4  xunji.o(.text.track3)
    __arm_cp.4_7                             0x00003070   Number         4  xunji.o(.text.track3)
    __arm_cp.4_8                             0x00003074   Number         4  xunji.o(.text.track3)
    __arm_cp.4_9                             0x00003078   Number         4  xunji.o(.text.track3)
    __arm_cp.4_10                            0x0000307c   Number         4  xunji.o(.text.track3)
    __arm_cp.4_11                            0x00003080   Number         4  xunji.o(.text.track3)
    __arm_cp.4_12                            0x00003084   Number         4  xunji.o(.text.track3)
    [Anonymous Symbol]                       0x00003088   Section        0  xunji.o(.text.track4)
    __arm_cp.5_21                            0x0000344c   Number         4  xunji.o(.text.track4)
    __arm_cp.5_1                             0x000039c8   Number         4  xunji.o(.text.track4)
    __arm_cp.5_2                             0x000039cc   Number         4  xunji.o(.text.track4)
    __arm_cp.5_3                             0x000039d0   Number         4  xunji.o(.text.track4)
    __arm_cp.5_5                             0x000039d4   Number         4  xunji.o(.text.track4)
    __arm_cp.5_6                             0x000039d8   Number         4  xunji.o(.text.track4)
    __arm_cp.5_7                             0x000039dc   Number         4  xunji.o(.text.track4)
    __arm_cp.5_8                             0x000039e0   Number         4  xunji.o(.text.track4)
    __arm_cp.5_9                             0x000039e4   Number         4  xunji.o(.text.track4)
    __arm_cp.5_10                            0x000039e8   Number         4  xunji.o(.text.track4)
    __arm_cp.5_11                            0x000039ec   Number         4  xunji.o(.text.track4)
    __arm_cp.5_12                            0x000039f0   Number         4  xunji.o(.text.track4)
    [Anonymous Symbol]                       0x000039f4   Section        0  _pid.o(.text.turn_pid)
    __arm_cp.5_0                             0x00003ab0   Number         4  _pid.o(.text.turn_pid)
    __arm_cp.5_1                             0x00003ab4   Number         4  _pid.o(.text.turn_pid)
    __arm_cp.5_2                             0x00003ab8   Number         4  _pid.o(.text.turn_pid)
    __arm_cp.5_3                             0x00003abc   Number         4  _pid.o(.text.turn_pid)
    __arm_cp.5_4                             0x00003ac0   Number         4  _pid.o(.text.turn_pid)
    __arm_cp.5_5                             0x00003ac4   Number         4  _pid.o(.text.turn_pid)
    __arm_cp.5_6                             0x00003ac8   Number         4  _pid.o(.text.turn_pid)
    __arm_cp.5_7                             0x00003acc   Number         4  _pid.o(.text.turn_pid)
    [Anonymous Symbol]                       0x00003ad0   Section        0  serical.o(.text.uart0_init)
    [Anonymous Symbol]                       0x00003ae0   Section        0  ml_uart.o(.text.uart_getbyte)
    __arm_cp.4_0                             0x00003ae8   Number         4  ml_uart.o(.text.uart_getbyte)
    [Anonymous Symbol]                       0x00003aec   Section        0  ml_uart.o(.text.uart_init)
    __arm_cp.2_0                             0x00003d40   Number         4  ml_uart.o(.text.uart_init)
    __arm_cp.2_1                             0x00003d44   Number         4  ml_uart.o(.text.uart_init)
    __arm_cp.2_2                             0x00003d48   Number         4  ml_uart.o(.text.uart_init)
    __arm_cp.2_3                             0x00003d4c   Number         4  ml_uart.o(.text.uart_init)
    __arm_cp.2_4                             0x00003d50   Number         4  ml_uart.o(.text.uart_init)
    __arm_cp.2_5                             0x00003d54   Number         4  ml_uart.o(.text.uart_init)
    __arm_cp.2_6                             0x00003d58   Number         4  ml_uart.o(.text.uart_init)
    __arm_cp.2_7                             0x00003d5c   Number         4  ml_uart.o(.text.uart_init)
    __arm_cp.2_8                             0x00003d60   Number         4  ml_uart.o(.text.uart_init)
    __arm_cp.2_9                             0x00003d64   Number         4  ml_uart.o(.text.uart_init)
    __arm_cp.2_10                            0x00003d68   Number         4  ml_uart.o(.text.uart_init)
    __arm_cp.2_11                            0x00003d6c   Number         4  ml_uart.o(.text.uart_init)
    __arm_cp.2_12                            0x00003d70   Number         4  ml_uart.o(.text.uart_init)
    __arm_cp.2_13                            0x00003d74   Number         4  ml_uart.o(.text.uart_init)
    __arm_cp.2_14                            0x00003d78   Number         4  ml_uart.o(.text.uart_init)
    __arm_cp.2_15                            0x00003d7c   Number         4  ml_uart.o(.text.uart_init)
    __arm_cp.2_16                            0x00003d80   Number         4  ml_uart.o(.text.uart_init)
    __arm_cp.2_17                            0x00003d84   Number         4  ml_uart.o(.text.uart_init)
    __arm_cp.2_18                            0x00003d88   Number         4  ml_uart.o(.text.uart_init)
    __arm_cp.2_19                            0x00003d8c   Number         4  ml_uart.o(.text.uart_init)
    __arm_cp.2_20                            0x00003d90   Number         4  ml_uart.o(.text.uart_init)
    __arm_cp.2_21                            0x00003d94   Number         4  ml_uart.o(.text.uart_init)
    __arm_cp.2_22                            0x00003d98   Number         4  ml_uart.o(.text.uart_init)
    __arm_cp.2_23                            0x00003d9c   Number         4  ml_uart.o(.text.uart_init)
    __arm_cp.2_24                            0x00003da0   Number         4  ml_uart.o(.text.uart_init)
    __arm_cp.2_25                            0x00003da4   Number         4  ml_uart.o(.text.uart_init)
    __arm_cp.2_26                            0x00003da8   Number         4  ml_uart.o(.text.uart_init)
    __arm_cp.2_27                            0x00003dac   Number         4  ml_uart.o(.text.uart_init)
    [Anonymous Symbol]                       0x00003db0   Section        0  xunji.o(.text.xunji_init)
    __arm_cp.0_0                             0x00003e20   Number         4  xunji.o(.text.xunji_init)
    __arm_cp.0_1                             0x00003e24   Number         4  xunji.o(.text.xunji_init)
    .text_divfast                            0x00003e28   Section      502  aeabi_sdivfast.o(.text_divfast)
    i._fgeq                                  0x0000401e   Section        0  fcmp.o(i._fgeq)
    i._fgr                                   0x00004034   Section        0  fcmp.o(i._fgr)
    x$fpl$fadd                               0x0000404c   Section      140  faddsub.o(x$fpl$fadd)
    _fadd1                                   0x00004059   Thumb Code     0  faddsub.o(x$fpl$fadd)
    x$fpl$fgeqf                              0x000040d8   Section       84  fgef.o(x$fpl$fgeqf)
    x$fpl$fmul                               0x0000412c   Section      176  fmul.o(x$fpl$fmul)
    x$fpl$fsub                               0x000041dc   Section      208  faddsub.o(x$fpl$fsub)
    _fsub1                                   0x000041e9   Thumb Code     0  faddsub.o(x$fpl$fsub)
    x$fpl$usenofp                            0x000042ac   Section        0  usenofp.o(x$fpl$usenofp)
    gSYSPLLConfig                            0x0000489c   Data          40  ml_system.o(.rodata.gSYSPLLConfig)
    [Anonymous Symbol]                       0x0000489c   Section        0  ml_system.o(.rodata.gSYSPLLConfig)
    uart_init.gUART_1ClockConfig             0x000048c4   Data           2  ml_uart.o(.rodata.uart_init.gUART_1ClockConfig)
    [Anonymous Symbol]                       0x000048c4   Section        0  ml_uart.o(.rodata.uart_init.gUART_1ClockConfig)
    uart_init.gUART_1Config                  0x000048c6   Data          10  ml_uart.o(.rodata.uart_init.gUART_1Config)
    [Anonymous Symbol]                       0x000048c6   Section        0  ml_uart.o(.rodata.uart_init.gUART_1Config)
    .bss                                     0x20200000   Section       96  libspace.o(.bss)
    imu_uart_callback.counter                0x202000c1   Data           1  imu.o(.bss.imu_uart_callback.counter)
    [Anonymous Symbol]                       0x202000c1   Section        0  imu.o(.bss.imu_uart_callback.counter)
    imu_uart_callback.imu_rx_buffer          0x202000c2   Data         250  imu.o(.bss.imu_uart_callback.imu_rx_buffer)
    [Anonymous Symbol]                       0x202000c2   Section        0  imu.o(.bss.imu_uart_callback.imu_rx_buffer)
    Heap_Mem                                 0x20200250   Data           0  startup_mspm0g350x_uvision.o(HEAP)
    Stack_Mem                                0x20200250   Data        1024  startup_mspm0g350x_uvision.o(STACK)
    HEAP                                     0x20200250   Section        0  startup_mspm0g350x_uvision.o(HEAP)
    STACK                                    0x20200250   Section     1024  startup_mspm0g350x_uvision.o(STACK)
    __initial_sp                             0x20200650   Data           0  startup_mspm0g350x_uvision.o(STACK)

    Global Symbols

    Symbol Name                              Value     Ov Type        Size  Object(Section)

    BuildAttributes$$THM_ISAv3M$S$PE$A:L22$X:L11$S22$IEEE1$IW$~IW$USESV6$~STKCKD$USESV7$~SHL$OTIME$ROPI$IEEEX$EBA8$UX$STANDARDLIB$REQ8$PRES8$EABIv2 0x00000000   Number         0  anon$$obj.o ABSOLUTE
    __Vectors                                0x00000000   Data           4  startup_mspm0g350x_uvision.o(RESET)
    __ARM_exceptions_init                     - Undefined Weak Reference
    __alloca_initialize                       - Undefined Weak Reference
    __arm_preinit_                            - Undefined Weak Reference
    __arm_relocate_pie_                       - Undefined Weak Reference
    __cpp_initialize__aeabi_                  - Undefined Weak Reference
    __cxa_finalize                            - Undefined Weak Reference
    __rt_locale                               - Undefined Weak Reference
    __sigvec_lookup                           - Undefined Weak Reference
    _atexit_init                              - Undefined Weak Reference
    _call_atexit_fns                          - Undefined Weak Reference
    _clock_init                               - Undefined Weak Reference
    _fp_trap_init                             - Undefined Weak Reference
    _fp_trap_shutdown                         - Undefined Weak Reference
    _get_lc_collate                           - Undefined Weak Reference
    _get_lc_ctype                             - Undefined Weak Reference
    _get_lc_monetary                          - Undefined Weak Reference
    _get_lc_numeric                           - Undefined Weak Reference
    _get_lc_time                              - Undefined Weak Reference
    _getenv_init                              - Undefined Weak Reference
    _handle_redirection                       - Undefined Weak Reference
    _init_alloc                               - Undefined Weak Reference
    _init_user_alloc                          - Undefined Weak Reference
    _initio                                   - Undefined Weak Reference
    _rand_init                                - Undefined Weak Reference
    _signal_finish                            - Undefined Weak Reference
    _signal_init                              - Undefined Weak Reference
    _terminate_alloc                          - Undefined Weak Reference
    _terminate_user_alloc                     - Undefined Weak Reference
    _terminateio                              - Undefined Weak Reference
    __Vectors_End                            0x000000c0   Data           0  startup_mspm0g350x_uvision.o(RESET)
    __Vectors_Size                           0x000000c0   Number         0  startup_mspm0g350x_uvision.o ABSOLUTE
    __main                                   0x000000c1   Thumb Code     8  __main.o(!!!main)
    __scatterload                            0x000000c9   Thumb Code     0  __scatter.o(!!!scatter)
    __scatterload_rt2                        0x000000c9   Thumb Code    74  __scatter.o(!!!scatter)
    __scatterload_rt2_thumb_only             0x000000c9   Thumb Code     0  __scatter.o(!!!scatter)
    __scatterload_loop                       0x000000d3   Thumb Code     0  __scatter.o(!!!scatter)
    __scatterload_null                       0x00000121   Thumb Code     2  __scatter.o(!!handler_null)
    __scatterload_zeroinit                   0x00000129   Thumb Code    28  __scatter_zi.o(!!handler_zi)
    __rt_lib_init                            0x00000145   Thumb Code     0  libinit.o(.ARM.Collect$$libinit$$00000000)
    __rt_lib_init_alloca_1                   0x00000147   Thumb Code     0  libinit2.o(.ARM.Collect$$libinit$$00000030)
    __rt_lib_init_argv_1                     0x00000147   Thumb Code     0  libinit2.o(.ARM.Collect$$libinit$$0000002E)
    __rt_lib_init_atexit_1                   0x00000147   Thumb Code     0  libinit2.o(.ARM.Collect$$libinit$$0000001D)
    __rt_lib_init_clock_1                    0x00000147   Thumb Code     0  libinit2.o(.ARM.Collect$$libinit$$00000023)
    __rt_lib_init_cpp_1                      0x00000147   Thumb Code     0  libinit2.o(.ARM.Collect$$libinit$$00000034)
    __rt_lib_init_exceptions_1               0x00000147   Thumb Code     0  libinit2.o(.ARM.Collect$$libinit$$00000032)
    __rt_lib_init_fp_1                       0x00000147   Thumb Code     0  libinit2.o(.ARM.Collect$$libinit$$00000002)
    __rt_lib_init_fp_trap_1                  0x00000147   Thumb Code     0  libinit2.o(.ARM.Collect$$libinit$$00000021)
    __rt_lib_init_getenv_1                   0x00000147   Thumb Code     0  libinit2.o(.ARM.Collect$$libinit$$00000025)
    __rt_lib_init_heap_1                     0x00000147   Thumb Code     0  libinit2.o(.ARM.Collect$$libinit$$0000000C)
    __rt_lib_init_lc_collate_1               0x00000147   Thumb Code     0  libinit2.o(.ARM.Collect$$libinit$$00000013)
    __rt_lib_init_lc_ctype_1                 0x00000147   Thumb Code     0  libinit2.o(.ARM.Collect$$libinit$$00000015)
    __rt_lib_init_lc_monetary_1              0x00000147   Thumb Code     0  libinit2.o(.ARM.Collect$$libinit$$00000017)
    __rt_lib_init_lc_numeric_1               0x00000147   Thumb Code     0  libinit2.o(.ARM.Collect$$libinit$$00000019)
    __rt_lib_init_lc_time_1                  0x00000147   Thumb Code     0  libinit2.o(.ARM.Collect$$libinit$$0000001B)
    __rt_lib_init_preinit_1                  0x00000147   Thumb Code     0  libinit2.o(.ARM.Collect$$libinit$$00000006)
    __rt_lib_init_rand_1                     0x00000147   Thumb Code     0  libinit2.o(.ARM.Collect$$libinit$$00000010)
    __rt_lib_init_relocate_pie_1             0x00000147   Thumb Code     0  libinit2.o(.ARM.Collect$$libinit$$00000004)
    __rt_lib_init_return                     0x00000147   Thumb Code     0  libinit2.o(.ARM.Collect$$libinit$$00000035)
    __rt_lib_init_signal_1                   0x00000147   Thumb Code     0  libinit2.o(.ARM.Collect$$libinit$$0000001F)
    __rt_lib_init_stdio_1                    0x00000147   Thumb Code     0  libinit2.o(.ARM.Collect$$libinit$$00000027)
    __rt_lib_init_user_alloc_1               0x00000147   Thumb Code     0  libinit2.o(.ARM.Collect$$libinit$$0000000E)
    __rt_lib_shutdown                        0x00000149   Thumb Code     0  libshutdown.o(.ARM.Collect$$libshutdown$$00000000)
    __rt_lib_shutdown_cpp_1                  0x0000014b   Thumb Code     0  libshutdown2.o(.ARM.Collect$$libshutdown$$00000002)
    __rt_lib_shutdown_fp_trap_1              0x0000014b   Thumb Code     0  libshutdown2.o(.ARM.Collect$$libshutdown$$00000007)
    __rt_lib_shutdown_heap_1                 0x0000014b   Thumb Code     0  libshutdown2.o(.ARM.Collect$$libshutdown$$0000000F)
    __rt_lib_shutdown_return                 0x0000014b   Thumb Code     0  libshutdown2.o(.ARM.Collect$$libshutdown$$00000010)
    __rt_lib_shutdown_signal_1               0x0000014b   Thumb Code     0  libshutdown2.o(.ARM.Collect$$libshutdown$$0000000A)
    __rt_lib_shutdown_stdio_1                0x0000014b   Thumb Code     0  libshutdown2.o(.ARM.Collect$$libshutdown$$00000004)
    __rt_lib_shutdown_user_alloc_1           0x0000014b   Thumb Code     0  libshutdown2.o(.ARM.Collect$$libshutdown$$0000000C)
    __rt_entry                               0x0000014d   Thumb Code     0  __rtentry.o(.ARM.Collect$$rtentry$$00000000)
    __rt_entry_presh_1                       0x0000014d   Thumb Code     0  __rtentry2.o(.ARM.Collect$$rtentry$$00000002)
    __rt_entry_sh                            0x0000014d   Thumb Code     0  __rtentry4.o(.ARM.Collect$$rtentry$$00000004)
    __rt_entry_li                            0x00000153   Thumb Code     0  __rtentry2.o(.ARM.Collect$$rtentry$$0000000A)
    __rt_entry_postsh_1                      0x00000153   Thumb Code     0  __rtentry2.o(.ARM.Collect$$rtentry$$00000009)
    __rt_entry_main                          0x00000157   Thumb Code     0  __rtentry2.o(.ARM.Collect$$rtentry$$0000000D)
    __rt_entry_postli_1                      0x00000157   Thumb Code     0  __rtentry2.o(.ARM.Collect$$rtentry$$0000000C)
    __rt_exit                                0x0000015f   Thumb Code     0  rtexit.o(.ARM.Collect$$rtexit$$00000000)
    __rt_exit_ls                             0x00000161   Thumb Code     0  rtexit2.o(.ARM.Collect$$rtexit$$00000003)
    __rt_exit_prels_1                        0x00000161   Thumb Code     0  rtexit2.o(.ARM.Collect$$rtexit$$00000002)
    __rt_exit_exit                           0x00000165   Thumb Code     0  rtexit2.o(.ARM.Collect$$rtexit$$00000004)
    Reset_Handler                            0x0000016d   Thumb Code     4  startup_mspm0g350x_uvision.o(.text)
    NMI_Handler                              0x00000171   Thumb Code     2  startup_mspm0g350x_uvision.o(.text)
    HardFault_Handler                        0x00000173   Thumb Code     2  startup_mspm0g350x_uvision.o(.text)
    SVC_Handler                              0x00000175   Thumb Code     2  startup_mspm0g350x_uvision.o(.text)
    PendSV_Handler                           0x00000177   Thumb Code     2  startup_mspm0g350x_uvision.o(.text)
    SysTick_Handler                          0x00000179   Thumb Code     2  startup_mspm0g350x_uvision.o(.text)
    ADC0_IRQHandler                          0x0000017b   Thumb Code     0  startup_mspm0g350x_uvision.o(.text)
    ADC1_IRQHandler                          0x0000017b   Thumb Code     0  startup_mspm0g350x_uvision.o(.text)
    AES_IRQHandler                           0x0000017b   Thumb Code     0  startup_mspm0g350x_uvision.o(.text)
    CANFD0_IRQHandler                        0x0000017b   Thumb Code     0  startup_mspm0g350x_uvision.o(.text)
    DAC0_IRQHandler                          0x0000017b   Thumb Code     0  startup_mspm0g350x_uvision.o(.text)
    DMA_IRQHandler                           0x0000017b   Thumb Code     0  startup_mspm0g350x_uvision.o(.text)
    Default_Handler                          0x0000017b   Thumb Code     2  startup_mspm0g350x_uvision.o(.text)
    GROUP0_IRQHandler                        0x0000017b   Thumb Code     0  startup_mspm0g350x_uvision.o(.text)
    I2C0_IRQHandler                          0x0000017b   Thumb Code     0  startup_mspm0g350x_uvision.o(.text)
    I2C1_IRQHandler                          0x0000017b   Thumb Code     0  startup_mspm0g350x_uvision.o(.text)
    RTC_IRQHandler                           0x0000017b   Thumb Code     0  startup_mspm0g350x_uvision.o(.text)
    SPI0_IRQHandler                          0x0000017b   Thumb Code     0  startup_mspm0g350x_uvision.o(.text)
    SPI1_IRQHandler                          0x0000017b   Thumb Code     0  startup_mspm0g350x_uvision.o(.text)
    TIMA0_IRQHandler                         0x0000017b   Thumb Code     0  startup_mspm0g350x_uvision.o(.text)
    TIMA1_IRQHandler                         0x0000017b   Thumb Code     0  startup_mspm0g350x_uvision.o(.text)
    __user_initial_stackheap                 0x0000017d   Thumb Code    10  startup_mspm0g350x_uvision.o(.text)
    __aeabi_uidivmod                         0x00000199   Thumb Code    28  aeabi_sdivfast.o(.text)
    __aeabi_idivmod                          0x000001b5   Thumb Code   472  aeabi_sdivfast.o(.text)
    __use_two_region_memory                  0x00000391   Thumb Code     2  heapauxi.o(.text)
    __rt_heap_escrow$2region                 0x00000393   Thumb Code     2  heapauxi.o(.text)
    __rt_heap_expand$2region                 0x00000395   Thumb Code     2  heapauxi.o(.text)
    __aeabi_f2d                              0x00000399   Thumb Code     0  f2d.o(.text)
    __extendsfdf2                            0x00000399   Thumb Code     0  f2d.o(.text)
    _f2d                                     0x00000399   Thumb Code    80  f2d.o(.text)
    __aeabi_f2iz                             0x000003ed   Thumb Code     0  ffixi.o(.text)
    _ffix                                    0x000003ed   Thumb Code    76  ffixi.o(.text)
    __aeabi_i2f_normalise                    0x00000439   Thumb Code    72  fflti.o(.text)
    __aeabi_i2f                              0x00000481   Thumb Code    16  fflti.o(.text)
    _fflt                                    0x00000481   Thumb Code     0  fflti.o(.text)
    __aeabi_ui2f                             0x00000491   Thumb Code     6  fflti.o(.text)
    _ffltu                                   0x00000491   Thumb Code     0  fflti.o(.text)
    __fpl_fcmp_InfNaN                        0x00000499   Thumb Code    96  fcmpin.o(.text)
    __user_libspace                          0x000004fd   Thumb Code     8  libspace.o(.text)
    __user_perproc_libspace                  0x000004fd   Thumb Code     0  libspace.o(.text)
    __user_perthread_libspace                0x000004fd   Thumb Code     0  libspace.o(.text)
    __user_setup_stackheap                   0x00000505   Thumb Code    62  sys_stackheap_outer.o(.text)
    exit                                     0x00000543   Thumb Code    16  exit.o(.text)
    __fpl_cmpreturn                          0x00000553   Thumb Code    46  cmpret.o(.text)
    __fpl_fcheck_NaN2                        0x00000581   Thumb Code    10  fnan2.o(.text)
    __fpl_return_NaN                         0x00000591   Thumb Code    94  retnan.o(.text)
    DL_SYSCTL_configSYSPLL                   0x000005f1   Thumb Code   196  dl_sysctl_mspm0g1x0x_g3x0x.o(.text.DL_SYSCTL_configSYSPLL)
    DL_SYSCTL_switchMCLKfromSYSOSCtoHSCLK    0x000006b5   Thumb Code    40  dl_sysctl_mspm0g1x0x_g3x0x.o(.text.DL_SYSCTL_switchMCLKfromSYSOSCtoHSCLK)
    DL_Timer_initPWMMode                     0x000006dd   Thumb Code   192  dl_timer.o(.text.DL_Timer_initPWMMode)
    DL_Timer_initTimerMode                   0x0000079d   Thumb Code   240  dl_timer.o(.text.DL_Timer_initTimerMode)
    DL_Timer_setCaptCompUpdateMethod         0x0000088d   Thumb Code    28  dl_timer.o(.text.DL_Timer_setCaptCompUpdateMethod)
    DL_Timer_setCaptureCompareOutCtl         0x000008a9   Thumb Code    24  dl_timer.o(.text.DL_Timer_setCaptureCompareOutCtl)
    DL_Timer_setCaptureCompareValue          0x000008c1   Thumb Code    16  dl_timer.o(.text.DL_Timer_setCaptureCompareValue)
    DL_Timer_setClockConfig                  0x000008d1   Thumb Code    28  dl_timer.o(.text.DL_Timer_setClockConfig)
    DL_UART_init                             0x000008ed   Thumb Code    72  dl_uart.o(.text.DL_UART_init)
    DL_UART_setClockConfig                   0x00000935   Thumb Code    18  dl_uart.o(.text.DL_UART_setClockConfig)
    GROUP1_IRQHandler                        0x00000949   Thumb Code   260  encoder.o(.text.GROUP1_IRQHandler)
    OLED_Clear                               0x00000a65   Thumb Code   276  ml_oled.o(.text.OLED_Clear)
    OLED_I2C_SendByte                        0x00000b79   Thumb Code   328  ml_oled.o(.text.OLED_I2C_SendByte)
    OLED_Init                                0x00000cc1   Thumb Code   208  ml_oled.o(.text.OLED_Init)
    OLED_ShowChar                            0x00000d95   Thumb Code   188  ml_oled.o(.text.OLED_ShowChar)
    OLED_ShowNum                             0x00000e59   Thumb Code   140  ml_oled.o(.text.OLED_ShowNum)
    OLED_ShowSignedNum                       0x00000ee5   Thumb Code   176  ml_oled.o(.text.OLED_ShowSignedNum)
    OLED_ShowString                          0x00000f99   Thumb Code    44  ml_oled.o(.text.OLED_ShowString)
    OLED_WriteCommand                        0x00000fc5   Thumb Code   112  ml_oled.o(.text.OLED_WriteCommand)
    OLED_WriteData                           0x00001039   Thumb Code   112  ml_oled.o(.text.OLED_WriteData)
    Set_left_pwm                             0x000010ad   Thumb Code    80  ml_motor.o(.text.Set_left_pwm)
    Set_right_pwm                            0x000010fd   Thumb Code    80  ml_motor.o(.text.Set_right_pwm)
    TIMG0_IRQHandler                         0x00001151   Thumb Code     8  isr.o(.text.TIMG0_IRQHandler)
    TIMG12_IRQHandler                        0x0000115d   Thumb Code     8  isr.o(.text.TIMG12_IRQHandler)
    TIMG6_IRQHandler                         0x00001169   Thumb Code     8  isr.o(.text.TIMG6_IRQHandler)
    TIMG7_IRQHandler                         0x00001175   Thumb Code    48  isr.o(.text.TIMG7_IRQHandler)
    TIMG8_IRQHandler                         0x000011ad   Thumb Code   104  main.o(.text.TIMG8_IRQHandler)
    UART0_IRQHandler                         0x00001229   Thumb Code    52  serical.o(.text.UART0_IRQHandler)
    UART1_IRQHandler                         0x0000126d   Thumb Code    28  isr.o(.text.UART1_IRQHandler)
    UART2_IRQHandler                         0x00001291   Thumb Code     8  isr.o(.text.UART2_IRQHandler)
    UART3_IRQHandler                         0x0000129d   Thumb Code     8  isr.o(.text.UART3_IRQHandler)
    _sys_exit                                0x000012a9   Thumb Code     2  ml_uart.o(.text._sys_exit)
    beep                                     0x000012ad   Thumb Code    44  buzzer_light.o(.text.beep)
    buzzer_light_init                        0x000012dd   Thumb Code    60  buzzer_light.o(.text.buzzer_light_init)
    check                                    0x0000131d   Thumb Code    40  _pid.o(.text.check)
    delay_ms                                 0x00001349   Thumb Code   264  ml_delay.o(.text.delay_ms)
    encoder_init                             0x00001459   Thumb Code   104  encoder.o(.text.encoder_init)
    exti_init                                0x000014c1   Thumb Code   376  ml_exti.o(.text.exti_init)
    gpio_get                                 0x00001649   Thumb Code    14  ml_gpio.o(.text.gpio_get)
    gpio_init                                0x00001659   Thumb Code    56  ml_gpio.o(.text.gpio_init)
    gpio_set                                 0x000016a1   Thumb Code    12  ml_gpio.o(.text.gpio_set)
    imu_analysis                             0x000016b1   Thumb Code    48  imu.o(.text.imu_analysis)
    imu_init                                 0x000016ed   Thumb Code    16  imu.o(.text.imu_init)
    imu_uart_callback                        0x000016fd   Thumb Code   100  imu.o(.text.imu_uart_callback)
    key_GetNum                               0x00001775   Thumb Code   100  key.o(.text.key_GetNum)
    key_init                                 0x000017d9   Thumb Code    44  key.o(.text.key_init)
    main                                     0x00001809   Thumb Code   260  main.o(.text.main)
    motor_init                               0x00001959   Thumb Code   112  ml_motor.o(.text.motor_init)
    pid_cal                                  0x000019cd   Thumb Code   196  _pid.o(.text.pid_cal)
    pid_init                                 0x00001a91   Thumb Code    14  _pid.o(.text.pid_init)
    pwm_init                                 0x00001aa1   Thumb Code   140  ml_pwm.o(.text.pwm_init)
    pwm_pin_init                             0x00001b2d   Thumb Code   236  ml_pwm.o(.text.pwm_pin_init)
    pwm_update                               0x00001c35   Thumb Code    44  ml_pwm.o(.text.pwm_update)
    read_encoder1                            0x00001c65   Thumb Code    12  encoder.o(.text.read_encoder1)
    read_encoder2                            0x00001c75   Thumb Code    12  encoder.o(.text.read_encoder2)
    system_init                              0x00001c85   Thumb Code   148  ml_system.o(.text.system_init)
    tim_interrupt_ms_init                    0x00001d39   Thumb Code   260  ml_tim.o(.text.tim_interrupt_ms_init)
    track1                                   0x00001e79   Thumb Code   140  xunji.o(.text.track1)
    track2                                   0x00001f0d   Thumb Code  2164  xunji.o(.text.track2)
    track3                                   0x000027a5   Thumb Code  2228  xunji.o(.text.track3)
    track4                                   0x00003089   Thumb Code  2368  xunji.o(.text.track4)
    turn_pid                                 0x000039f5   Thumb Code   188  _pid.o(.text.turn_pid)
    uart0_init                               0x00003ad1   Thumb Code    16  serical.o(.text.uart0_init)
    uart_getbyte                             0x00003ae1   Thumb Code     8  ml_uart.o(.text.uart_getbyte)
    uart_init                                0x00003aed   Thumb Code   596  ml_uart.o(.text.uart_init)
    xunji_init                               0x00003db1   Thumb Code   112  xunji.o(.text.xunji_init)
    __aeabi_uidiv                            0x00003e29   Thumb Code    68  aeabi_sdivfast.o(.text_divfast)
    __aeabi_idiv                             0x00003e6d   Thumb Code   434  aeabi_sdivfast.o(.text_divfast)
    __aeabi_fcmpge                           0x0000401f   Thumb Code     0  fcmp.o(i._fgeq)
    _fgeq                                    0x0000401f   Thumb Code    22  fcmp.o(i._fgeq)
    __aeabi_fcmpgt                           0x00004035   Thumb Code     0  fcmp.o(i._fgr)
    _fgr                                     0x00004035   Thumb Code    22  fcmp.o(i._fgr)
    __aeabi_fadd                             0x0000404d   Thumb Code     0  faddsub.o(x$fpl$fadd)
    _fadd                                    0x0000404d   Thumb Code   134  faddsub.o(x$fpl$fadd)
    _fcmpge                                  0x000040d9   Thumb Code    78  fgef.o(x$fpl$fgeqf)
    __aeabi_fmul                             0x0000412d   Thumb Code     0  fmul.o(x$fpl$fmul)
    _fmul                                    0x0000412d   Thumb Code   172  fmul.o(x$fpl$fmul)
    __aeabi_fsub                             0x000041dd   Thumb Code     0  faddsub.o(x$fpl$fsub)
    _fsub                                    0x000041dd   Thumb Code   204  faddsub.o(x$fpl$fsub)
    OLED_F8x16                               0x000042ac   Data        1520  ml_oled.o(.rodata.OLED_F8x16)
    __I$use$fp                               0x000042ac   Number         0  usenofp.o(x$fpl$usenofp)
    Region$$Table$$Base                      0x000048d0   Number         0  anon$$obj.o(Region$$Table)
    Region$$Table$$Limit                     0x000048e0   Number         0  anon$$obj.o(Region$$Table)
    __libspace_start                         0x20200000   Data          96  libspace.o(.bss)
    Encoder_count1                           0x20200060   Data           4  encoder.o(.bss.Encoder_count1)
    __temporary_stack_top$libspace           0x20200060   Data           0  libspace.o(.bss)
    Encoder_count2                           0x20200064   Data           4  encoder.o(.bss.Encoder_count2)
    KeyNum                                   0x20200068   Data           1  main.o(.bss.KeyNum)
    Num                                      0x20200069   Data           1  serical.o(.bss.Num)
    USART_RX_STA                             0x2020006a   Data          22  serical.o(.bss.USART_RX_STA)
    YawAngle                                 0x20200080   Data           8  imu.o(.bss.YawAngle)
    angle                                    0x20200088   Data          52  _pid.o(.bss.angle)
    change_flag1                             0x202000bc   Data           4  xunji.o(.bss.change_flag1)
    imu_flag                                 0x202000c0   Data           1  imu.o(.bss.imu_flag)
    last_statue                              0x202001bc   Data           4  xunji.o(.bss.last_statue)
    left_encoder                             0x202001c0   Data           4  _pid.o(.bss.left_encoder)
    mode                                     0x202001c4   Data           4  encoder.o(.bss.mode)
    motorA                                   0x202001c8   Data          52  _pid.o(.bss.motorA)
    motorB                                   0x202001fc   Data          52  _pid.o(.bss.motorB)
    now_statue                               0x20200230   Data           4  xunji.o(.bss.now_statue)
    orginal_data                             0x20200234   Data           1  imu.o(.bss.orginal_data)
    right_encoder                            0x20200238   Data           4  _pid.o(.bss.right_encoder)
    set                                      0x2020023c   Data           4  encoder.o(.bss.set)
    yaw_angle                                0x20200240   Data           8  imu.o(.bss.yaw_angle)
    yaw_angle_int                            0x20200248   Data           4  imu.o(.bss.yaw_angle_int)



==============================================================================

Memory Map of the image

  Image Entry point : 0x000000c1

  Load Region LR_IROM1 (Base: 0x00000000, Size: 0x000048e0, Max: 0x00020000, ABSOLUTE)

    Execution Region ER_IROM1 (Exec base: 0x00000000, Load base: 0x00000000, Size: 0x000048e0, Max: 0x00020000, ABSOLUTE)

    Exec Addr    Load Addr    Size         Type   Attr      Idx    E Section Name        Object

    0x00000000   0x00000000   0x000000c0   Data   RO           30    RESET               startup_mspm0g350x_uvision.o
    0x000000c0   0x000000c0   0x00000008   Code   RO          626  * !!!main             c_p.l(__main.o)
    0x000000c8   0x000000c8   0x00000054   Code   RO          908    !!!scatter          c_p.l(__scatter.o)
    0x0000011c   0x0000011c   0x00000004   PAD
    0x00000120   0x00000120   0x00000002   Code   RO          909    !!handler_null      c_p.l(__scatter.o)
    0x00000122   0x00000122   0x00000006   PAD
    0x00000128   0x00000128   0x0000001c   Code   RO          912    !!handler_zi        c_p.l(__scatter_zi.o)
    0x00000144   0x00000144   0x00000002   Code   RO          768    .ARM.Collect$$libinit$$00000000  c_p.l(libinit.o)
    0x00000146   0x00000146   0x00000000   Code   RO          785    .ARM.Collect$$libinit$$00000002  c_p.l(libinit2.o)
    0x00000146   0x00000146   0x00000000   Code   RO          787    .ARM.Collect$$libinit$$00000004  c_p.l(libinit2.o)
    0x00000146   0x00000146   0x00000000   Code   RO          789    .ARM.Collect$$libinit$$00000006  c_p.l(libinit2.o)
    0x00000146   0x00000146   0x00000000   Code   RO          792    .ARM.Collect$$libinit$$0000000C  c_p.l(libinit2.o)
    0x00000146   0x00000146   0x00000000   Code   RO          794    .ARM.Collect$$libinit$$0000000E  c_p.l(libinit2.o)
    0x00000146   0x00000146   0x00000000   Code   RO          796    .ARM.Collect$$libinit$$00000010  c_p.l(libinit2.o)
    0x00000146   0x00000146   0x00000000   Code   RO          799    .ARM.Collect$$libinit$$00000013  c_p.l(libinit2.o)
    0x00000146   0x00000146   0x00000000   Code   RO          801    .ARM.Collect$$libinit$$00000015  c_p.l(libinit2.o)
    0x00000146   0x00000146   0x00000000   Code   RO          803    .ARM.Collect$$libinit$$00000017  c_p.l(libinit2.o)
    0x00000146   0x00000146   0x00000000   Code   RO          805    .ARM.Collect$$libinit$$00000019  c_p.l(libinit2.o)
    0x00000146   0x00000146   0x00000000   Code   RO          807    .ARM.Collect$$libinit$$0000001B  c_p.l(libinit2.o)
    0x00000146   0x00000146   0x00000000   Code   RO          809    .ARM.Collect$$libinit$$0000001D  c_p.l(libinit2.o)
    0x00000146   0x00000146   0x00000000   Code   RO          811    .ARM.Collect$$libinit$$0000001F  c_p.l(libinit2.o)
    0x00000146   0x00000146   0x00000000   Code   RO          813    .ARM.Collect$$libinit$$00000021  c_p.l(libinit2.o)
    0x00000146   0x00000146   0x00000000   Code   RO          815    .ARM.Collect$$libinit$$00000023  c_p.l(libinit2.o)
    0x00000146   0x00000146   0x00000000   Code   RO          817    .ARM.Collect$$libinit$$00000025  c_p.l(libinit2.o)
    0x00000146   0x00000146   0x00000000   Code   RO          819    .ARM.Collect$$libinit$$00000027  c_p.l(libinit2.o)
    0x00000146   0x00000146   0x00000000   Code   RO          823    .ARM.Collect$$libinit$$0000002E  c_p.l(libinit2.o)
    0x00000146   0x00000146   0x00000000   Code   RO          825    .ARM.Collect$$libinit$$00000030  c_p.l(libinit2.o)
    0x00000146   0x00000146   0x00000000   Code   RO          827    .ARM.Collect$$libinit$$00000032  c_p.l(libinit2.o)
    0x00000146   0x00000146   0x00000000   Code   RO          829    .ARM.Collect$$libinit$$00000034  c_p.l(libinit2.o)
    0x00000146   0x00000146   0x00000002   Code   RO          830    .ARM.Collect$$libinit$$00000035  c_p.l(libinit2.o)
    0x00000148   0x00000148   0x00000002   Code   RO          860    .ARM.Collect$$libshutdown$$00000000  c_p.l(libshutdown.o)
    0x0000014a   0x0000014a   0x00000000   Code   RO          891    .ARM.Collect$$libshutdown$$00000002  c_p.l(libshutdown2.o)
    0x0000014a   0x0000014a   0x00000000   Code   RO          893    .ARM.Collect$$libshutdown$$00000004  c_p.l(libshutdown2.o)
    0x0000014a   0x0000014a   0x00000000   Code   RO          896    .ARM.Collect$$libshutdown$$00000007  c_p.l(libshutdown2.o)
    0x0000014a   0x0000014a   0x00000000   Code   RO          899    .ARM.Collect$$libshutdown$$0000000A  c_p.l(libshutdown2.o)
    0x0000014a   0x0000014a   0x00000000   Code   RO          901    .ARM.Collect$$libshutdown$$0000000C  c_p.l(libshutdown2.o)
    0x0000014a   0x0000014a   0x00000000   Code   RO          904    .ARM.Collect$$libshutdown$$0000000F  c_p.l(libshutdown2.o)
    0x0000014a   0x0000014a   0x00000002   Code   RO          905    .ARM.Collect$$libshutdown$$00000010  c_p.l(libshutdown2.o)
    0x0000014c   0x0000014c   0x00000000   Code   RO          677    .ARM.Collect$$rtentry$$00000000  c_p.l(__rtentry.o)
    0x0000014c   0x0000014c   0x00000000   Code   RO          724    .ARM.Collect$$rtentry$$00000002  c_p.l(__rtentry2.o)
    0x0000014c   0x0000014c   0x00000006   Code   RO          736    .ARM.Collect$$rtentry$$00000004  c_p.l(__rtentry4.o)
    0x00000152   0x00000152   0x00000000   Code   RO          726    .ARM.Collect$$rtentry$$00000009  c_p.l(__rtentry2.o)
    0x00000152   0x00000152   0x00000004   Code   RO          727    .ARM.Collect$$rtentry$$0000000A  c_p.l(__rtentry2.o)
    0x00000156   0x00000156   0x00000000   Code   RO          729    .ARM.Collect$$rtentry$$0000000C  c_p.l(__rtentry2.o)
    0x00000156   0x00000156   0x00000008   Code   RO          730    .ARM.Collect$$rtentry$$0000000D  c_p.l(__rtentry2.o)
    0x0000015e   0x0000015e   0x00000002   Code   RO          776    .ARM.Collect$$rtexit$$00000000  c_p.l(rtexit.o)
    0x00000160   0x00000160   0x00000000   Code   RO          834    .ARM.Collect$$rtexit$$00000002  c_p.l(rtexit2.o)
    0x00000160   0x00000160   0x00000004   Code   RO          835    .ARM.Collect$$rtexit$$00000003  c_p.l(rtexit2.o)
    0x00000164   0x00000164   0x00000006   Code   RO          836    .ARM.Collect$$rtexit$$00000004  c_p.l(rtexit2.o)
    0x0000016a   0x0000016a   0x00000002   PAD
    0x0000016c   0x0000016c   0x0000002c   Code   RO           31    .text               startup_mspm0g350x_uvision.o
    0x00000198   0x00000198   0x000001f8   Code   RO          616    .text               c_p.l(aeabi_sdivfast.o)
    0x00000390   0x00000390   0x00000006   Code   RO          624    .text               c_p.l(heapauxi.o)
    0x00000396   0x00000396   0x00000002   PAD
    0x00000398   0x00000398   0x00000054   Code   RO          634    .text               fz_ps.l(f2d.o)
    0x000003ec   0x000003ec   0x0000004c   Code   RO          666    .text               fz_ps.l(ffixi.o)
    0x00000438   0x00000438   0x0000005e   Code   RO          668    .text               fz_ps.l(fflti.o)
    0x00000496   0x00000496   0x00000002   PAD
    0x00000498   0x00000498   0x00000064   Code   RO          749    .text               fz_ps.l(fcmpin.o)
    0x000004fc   0x000004fc   0x00000008   Code   RO          751    .text               c_p.l(libspace.o)
    0x00000504   0x00000504   0x0000003e   Code   RO          754    .text               c_p.l(sys_stackheap_outer.o)
    0x00000542   0x00000542   0x00000010   Code   RO          757    .text               c_p.l(exit.o)
    0x00000552   0x00000552   0x0000002e   Code   RO          769    .text               fz_ps.l(cmpret.o)
    0x00000580   0x00000580   0x00000010   Code   RO          773    .text               fz_ps.l(fnan2.o)
    0x00000590   0x00000590   0x0000005e   Code   RO          831    .text               fz_ps.l(retnan.o)
    0x000005ee   0x000005ee   0x00000002   PAD
    0x000005f0   0x000005f0   0x000000c4   Code   RO          583    .text.DL_SYSCTL_configSYSPLL  driverlib.a(dl_sysctl_mspm0g1x0x_g3x0x.o)
    0x000006b4   0x000006b4   0x00000028   Code   RO          591    .text.DL_SYSCTL_switchMCLKfromSYSOSCtoHSCLK  driverlib.a(dl_sysctl_mspm0g1x0x_g3x0x.o)
    0x000006dc   0x000006dc   0x000000c0   Code   RO          466    .text.DL_Timer_initPWMMode  driverlib.a(dl_timer.o)
    0x0000079c   0x0000079c   0x000000f0   Code   RO          448    .text.DL_Timer_initTimerMode  driverlib.a(dl_timer.o)
    0x0000088c   0x0000088c   0x0000001c   Code   RO          496    .text.DL_Timer_setCaptCompUpdateMethod  driverlib.a(dl_timer.o)
    0x000008a8   0x000008a8   0x00000018   Code   RO          470    .text.DL_Timer_setCaptureCompareOutCtl  driverlib.a(dl_timer.o)
    0x000008c0   0x000008c0   0x00000010   Code   RO          450    .text.DL_Timer_setCaptureCompareValue  driverlib.a(dl_timer.o)
    0x000008d0   0x000008d0   0x0000001c   Code   RO          444    .text.DL_Timer_setClockConfig  driverlib.a(dl_timer.o)
    0x000008ec   0x000008ec   0x00000048   Code   RO          543    .text.DL_UART_init  driverlib.a(dl_uart.o)
    0x00000934   0x00000934   0x00000012   Code   RO          545    .text.DL_UART_setClockConfig  driverlib.a(dl_uart.o)
    0x00000946   0x00000946   0x00000002   PAD
    0x00000948   0x00000948   0x0000011c   Code   RO           88    .text.GROUP1_IRQHandler  encoder.o
    0x00000a64   0x00000a64   0x00000114   Code   RO          324    .text.OLED_Clear    ml_oled.o
    0x00000b78   0x00000b78   0x00000148   Code   RO          316    .text.OLED_I2C_SendByte  ml_oled.o
    0x00000cc0   0x00000cc0   0x000000d4   Code   RO          342    .text.OLED_Init     ml_oled.o
    0x00000d94   0x00000d94   0x000000c4   Code   RO          326    .text.OLED_ShowChar  ml_oled.o
    0x00000e58   0x00000e58   0x0000008c   Code   RO          332    .text.OLED_ShowNum  ml_oled.o
    0x00000ee4   0x00000ee4   0x000000b4   Code   RO          334    .text.OLED_ShowSignedNum  ml_oled.o
    0x00000f98   0x00000f98   0x0000002c   Code   RO          328    .text.OLED_ShowString  ml_oled.o
    0x00000fc4   0x00000fc4   0x00000074   Code   RO          318    .text.OLED_WriteCommand  ml_oled.o
    0x00001038   0x00001038   0x00000074   Code   RO          320    .text.OLED_WriteData  ml_oled.o
    0x000010ac   0x000010ac   0x00000050   Code   RO          421    .text.Set_left_pwm  ml_motor.o
    0x000010fc   0x000010fc   0x00000054   Code   RO          423    .text.Set_right_pwm  ml_motor.o
    0x00001150   0x00001150   0x0000000c   Code   RO           38    .text.TIMG0_IRQHandler  isr.o
    0x0000115c   0x0000115c   0x0000000c   Code   RO           44    .text.TIMG12_IRQHandler  isr.o
    0x00001168   0x00001168   0x0000000c   Code   RO           40    .text.TIMG6_IRQHandler  isr.o
    0x00001174   0x00001174   0x00000038   Code   RO           42    .text.TIMG7_IRQHandler  isr.o
    0x000011ac   0x000011ac   0x0000007c   Code   RO            4    .text.TIMG8_IRQHandler  main.o
    0x00001228   0x00001228   0x00000044   Code   RO          106    .text.UART0_IRQHandler  serical.o
    0x0000126c   0x0000126c   0x00000024   Code   RO           46    .text.UART1_IRQHandler  isr.o
    0x00001290   0x00001290   0x0000000c   Code   RO           48    .text.UART2_IRQHandler  isr.o
    0x0000129c   0x0000129c   0x0000000c   Code   RO           50    .text.UART3_IRQHandler  isr.o
    0x000012a8   0x000012a8   0x00000002   Code   RO          251    .text._sys_exit     ml_uart.o
    0x000012aa   0x000012aa   0x00000002   PAD
    0x000012ac   0x000012ac   0x00000030   Code   RO          131    .text.beep          buzzer_light.o
    0x000012dc   0x000012dc   0x00000040   Code   RO          129    .text.buzzer_light_init  buzzer_light.o
    0x0000131c   0x0000131c   0x0000002c   Code   RO          203    .text.check         _pid.o
    0x00001348   0x00001348   0x00000110   Code   RO          274    .text.delay_ms      ml_delay.o
    0x00001458   0x00001458   0x00000068   Code   RO           82    .text.encoder_init  encoder.o
    0x000014c0   0x000014c0   0x00000188   Code   RO          407    .text.exti_init     ml_exti.o
    0x00001648   0x00001648   0x0000000e   Code   RO          232    .text.gpio_get      ml_gpio.o
    0x00001656   0x00001656   0x00000002   PAD
    0x00001658   0x00001658   0x00000048   Code   RO          226    .text.gpio_init     ml_gpio.o
    0x000016a0   0x000016a0   0x00000010   Code   RO          228    .text.gpio_set      ml_gpio.o
    0x000016b0   0x000016b0   0x0000003c   Code   RO          179    .text.imu_analysis  imu.o
    0x000016ec   0x000016ec   0x00000010   Code   RO          175    .text.imu_init      imu.o
    0x000016fc   0x000016fc   0x00000078   Code   RO          177    .text.imu_uart_callback  imu.o
    0x00001774   0x00001774   0x00000064   Code   RO          165    .text.key_GetNum    key.o
    0x000017d8   0x000017d8   0x00000030   Code   RO          163    .text.key_init      key.o
    0x00001808   0x00001808   0x00000150   Code   RO            2    .text.main          main.o
    0x00001958   0x00001958   0x00000074   Code   RO          419    .text.motor_init    ml_motor.o
    0x000019cc   0x000019cc   0x000000c4   Code   RO          199    .text.pid_cal       _pid.o
    0x00001a90   0x00001a90   0x0000000e   Code   RO          195    .text.pid_init      _pid.o
    0x00001a9e   0x00001a9e   0x00000002   PAD
    0x00001aa0   0x00001aa0   0x0000008c   Code   RO          296    .text.pwm_init      ml_pwm.o
    0x00001b2c   0x00001b2c   0x00000108   Code   RO          298    .text.pwm_pin_init  ml_pwm.o
    0x00001c34   0x00001c34   0x00000030   Code   RO          300    .text.pwm_update    ml_pwm.o
    0x00001c64   0x00001c64   0x00000010   Code   RO           84    .text.read_encoder1  encoder.o
    0x00001c74   0x00001c74   0x00000010   Code   RO           86    .text.read_encoder2  encoder.o
    0x00001c84   0x00001c84   0x000000b4   Code   RO          286    .text.system_init   ml_system.o
    0x00001d38   0x00001d38   0x00000140   Code   RO          242    .text.tim_interrupt_ms_init  ml_tim.o
    0x00001e78   0x00001e78   0x00000094   Code   RO          144    .text.track1        xunji.o
    0x00001f0c   0x00001f0c   0x00000898   Code   RO          146    .text.track2        xunji.o
    0x000027a4   0x000027a4   0x000008e4   Code   RO          148    .text.track3        xunji.o
    0x00003088   0x00003088   0x0000096c   Code   RO          150    .text.track4        xunji.o
    0x000039f4   0x000039f4   0x000000dc   Code   RO          205    .text.turn_pid      _pid.o
    0x00003ad0   0x00003ad0   0x00000010   Code   RO          104    .text.uart0_init    serical.o
    0x00003ae0   0x00003ae0   0x0000000c   Code   RO          259    .text.uart_getbyte  ml_uart.o
    0x00003aec   0x00003aec   0x000002c4   Code   RO          255    .text.uart_init     ml_uart.o
    0x00003db0   0x00003db0   0x00000078   Code   RO          140    .text.xunji_init    xunji.o
    0x00003e28   0x00003e28   0x000001f6   Code   RO          617    .text_divfast       c_p.l(aeabi_sdivfast.o)
    0x0000401e   0x0000401e   0x00000016   Code   RO          649    i._fgeq             fz_ps.l(fcmp.o)
    0x00004034   0x00004034   0x00000016   Code   RO          650    i._fgr              fz_ps.l(fcmp.o)
    0x0000404a   0x0000404a   0x00000002   PAD
    0x0000404c   0x0000404c   0x0000008c   Code   RO          636    x$fpl$fadd          fz_ps.l(faddsub.o)
    0x000040d8   0x000040d8   0x00000054   Code   RO          695    x$fpl$fgeqf         fz_ps.l(fgef.o)
    0x0000412c   0x0000412c   0x000000b0   Code   RO          670    x$fpl$fmul          fz_ps.l(fmul.o)
    0x000041dc   0x000041dc   0x000000d0   Code   RO          638    x$fpl$fsub          fz_ps.l(faddsub.o)
    0x000042ac   0x000042ac   0x00000000   Code   RO          699    x$fpl$usenofp       fz_ps.l(usenofp.o)
    0x000042ac   0x000042ac   0x000005f0   Data   RO          346    .rodata.OLED_F8x16  ml_oled.o
    0x0000489c   0x0000489c   0x00000028   Data   RO          288    .rodata.gSYSPLLConfig  ml_system.o
    0x000048c4   0x000048c4   0x00000002   Data   RO          261    .rodata.uart_init.gUART_1ClockConfig  ml_uart.o
    0x000048c6   0x000048c6   0x0000000a   Data   RO          262    .rodata.uart_init.gUART_1Config  ml_uart.o
    0x000048d0   0x000048d0   0x00000010   Data   RO          907    Region$$Table       anon$$obj.o


    Execution Region RW_IRAM2 (Exec base: 0x20200000, Load base: 0x000048e0, Size: 0x00000650, Max: 0x00008000, ABSOLUTE)

    Exec Addr    Load Addr    Size         Type   Attr      Idx    E Section Name        Object

    0x20200000        -       0x00000060   Zero   RW          752    .bss                c_p.l(libspace.o)
    0x20200060        -       0x00000004   Zero   RW           90    .bss.Encoder_count1  encoder.o
    0x20200064        -       0x00000004   Zero   RW           91    .bss.Encoder_count2  encoder.o
    0x20200068        -       0x00000001   Zero   RW            7    .bss.KeyNum         main.o
    0x20200069        -       0x00000001   Zero   RW          109    .bss.Num            serical.o
    0x2020006a        -       0x00000016   Zero   RW          108    .bss.USART_RX_STA   serical.o
    0x20200080        -       0x00000008   Zero   RW          184    .bss.YawAngle       imu.o
    0x20200088        -       0x00000034   Zero   RW          213    .bss.angle          _pid.o
    0x202000bc        -       0x00000004   Zero   RW          154    .bss.change_flag1   xunji.o
    0x202000c0        -       0x00000001   Zero   RW          185    .bss.imu_flag       imu.o
    0x202000c1        -       0x00000001   Zero   RW          182    .bss.imu_uart_callback.counter  imu.o
    0x202000c2        -       0x000000fa   Zero   RW          181    .bss.imu_uart_callback.imu_rx_buffer  imu.o
    0x202001bc        -       0x00000004   Zero   RW          153    .bss.last_statue    xunji.o
    0x202001c0        -       0x00000004   Zero   RW          214    .bss.left_encoder   _pid.o
    0x202001c4        -       0x00000004   Zero   RW           92    .bss.mode           encoder.o
    0x202001c8        -       0x00000034   Zero   RW          211    .bss.motorA         _pid.o
    0x202001fc        -       0x00000034   Zero   RW          212    .bss.motorB         _pid.o
    0x20200230        -       0x00000004   Zero   RW          152    .bss.now_statue     xunji.o
    0x20200234        -       0x00000001   Zero   RW          183    .bss.orginal_data   imu.o
    0x20200235   0x000048e0   0x00000003   PAD
    0x20200238        -       0x00000004   Zero   RW          215    .bss.right_encoder  _pid.o
    0x2020023c        -       0x00000004   Zero   RW           93    .bss.set            encoder.o
    0x20200240        -       0x00000008   Zero   RW          186    .bss.yaw_angle      imu.o
    0x20200248        -       0x00000004   Zero   RW          187    .bss.yaw_angle_int  imu.o
    0x2020024c   0x000048e0   0x00000004   PAD
    0x20200250        -       0x00000000   Zero   RW           29    HEAP                startup_mspm0g350x_uvision.o
    0x20200250        -       0x00000400   Zero   RW           28    STACK               startup_mspm0g350x_uvision.o



  Load Region LR_BCR (Base: 0x41c00000, Size: 0x00000000, Max: 0x00000100, ABSOLUTE)

    Execution Region BCR_CONFIG (Exec base: 0x41c00000, Load base: 0x41c00000, Size: 0x00000000, Max: 0x00000080, ABSOLUTE)

    **** No section assigned to this execution region ****



  Load Region LR_BSL (Base: 0x41c00100, Size: 0x00000000, Max: 0x00000100, ABSOLUTE)

    Execution Region BSL_CONFIG (Exec base: 0x41c00100, Load base: 0x41c00100, Size: 0x00000000, Max: 0x00000080, ABSOLUTE)

    **** No section assigned to this execution region ****


==============================================================================

Image component sizes


      Code (inc. data)   RO Data    RW Data    ZI Data      Debug   Object Name

       474         36          0          0        164       3043   _pid.o
       112          8          0          0          0       5964   buzzer_light.o
       420         32          0          0         16       5288   encoder.o
       196         32          0          0        273       3044   imu.o
       152         36          0          0          0      10221   isr.o
       148          4          0          0          0       4246   key.o
       460         96          0          0          1       4760   main.o
       272          8          0          0          0       2135   ml_delay.o
       392        124          0          0          0       8514   ml_exti.o
       102         20          0          0          0       6425   ml_gpio.o
       280          8          0          0          0       6765   ml_motor.o
      1608         24       1520          0          0      14497   ml_oled.o
       452         32          0          0          0      10852   ml_pwm.o
       180         32         40          0          0      16327   ml_system.o
       320         60          0          0          0       7408   ml_tim.o
       722        116         12          0          0      13795   ml_uart.o
        84         16          0          0         23       5738   serical.o
        44         18        192          0       1024        664   startup_mspm0g350x_uvision.o
      7156        236          0          0         12      36687   xunji.o

    ----------------------------------------------------------------------
     13580        938       1780          0       1520     166373   Object Totals
         0          0         16          0          0          0   (incl. Generated)
         6          0          0          0          7          0   (incl. Padding)

    ----------------------------------------------------------------------

      Code (inc. data)   RO Data    RW Data    ZI Data      Debug   Library Member Name

         8          0          0          0          0         68   __main.o
         0          0          0          0          0          0   __rtentry.o
        12          0          0          0          0          0   __rtentry2.o
         6          0          0          0          0          0   __rtentry4.o
        86         10          0          0          0          0   __scatter.o
        28          0          0          0          0          0   __scatter_zi.o
      1006          4          0          0          0        184   aeabi_sdivfast.o
        16          0          0          0          0         68   exit.o
         6          0          0          0          0        136   heapauxi.o
         2          0          0          0          0          0   libinit.o
         2          0          0          0          0          0   libinit2.o
         2          0          0          0          0          0   libshutdown.o
         2          0          0          0          0          0   libshutdown2.o
         8          4          0          0         96         68   libspace.o
         2          0          0          0          0          0   rtexit.o
        10          0          0          0          0          0   rtexit2.o
        62          0          0          0          0         80   sys_stackheap_outer.o
       236         24          0          0          0      18490   dl_sysctl_mspm0g1x0x_g3x0x.o
       528        192          0          0          0      40195   dl_timer.o
        90          8          0          0          0      14127   dl_uart.o
        46          0          0          0          0         60   cmpret.o
        84          4          0          0          0         60   f2d.o
       348          8          0          0          0        160   faddsub.o
        44          0          0          0          0        136   fcmp.o
       100          4          0          0          0         68   fcmpin.o
        76          0          0          0          0         68   ffixi.o
        94          0          0          0          0         92   fflti.o
        84          4          0          0          0         76   fgef.o
       176          4          0          0          0         80   fmul.o
        16          6          0          0          0         68   fnan2.o
        94          0          0          0          0         68   retnan.o
         0          0          0          0          0          0   usenofp.o

    ----------------------------------------------------------------------
      3296        276          0          0         96      74352   Library Totals
        22          4          0          0          0          0   (incl. Padding)

    ----------------------------------------------------------------------

      Code (inc. data)   RO Data    RW Data    ZI Data      Debug   Library Name

      1258         18          0          0         96        604   c_p.l
       854        224          0          0          0      72812   driverlib.a
      1162         30          0          0          0        936   fz_ps.l

    ----------------------------------------------------------------------
      3296        276          0          0         96      74352   Library Totals

    ----------------------------------------------------------------------

==============================================================================


      Code (inc. data)   RO Data    RW Data    ZI Data      Debug   

     16876       1214       1780          0       1616     239621   Grand Totals
     16876       1214       1780          0       1616     239621   ELF Image Totals
     16876       1214       1780          0          0          0   ROM Totals

==============================================================================

    Total RO  Size (Code + RO Data)                18656 (  18.22kB)
    Total RW  Size (RW Data + ZI Data)              1616 (   1.58kB)
    Total ROM Size (Code + RO Data + RW Data)      18656 (  18.22kB)

==============================================================================

